Archive member included because of file (symbol)

f:/programs/sdk/sdk_win_64/sdk_win_64/winavr/bin/../lib/gcc/avr/4.3.3/avr5\libgcc.a(_mulsi3.o)
                              ./src/MCAL/TIME0_AHMED/TIMER0_prg.o (__mulsi3)
f:/programs/sdk/sdk_win_64/sdk_win_64/winavr/bin/../lib/gcc/avr/4.3.3/avr5\libgcc.a(_udivmodqi4.o)
                              ./src/MCAL/TIME0_AHMED/TIMER0_prg.o (__udivmodqi4)
f:/programs/sdk/sdk_win_64/sdk_win_64/winavr/bin/../lib/gcc/avr/4.3.3/avr5\libgcc.a(_udivmodhi4.o)
                              ./src/MCAL/Timer1/TIMER_1_Program.o (__udivmodhi4)
f:/programs/sdk/sdk_win_64/sdk_win_64/winavr/bin/../lib/gcc/avr/4.3.3/avr5\libgcc.a(_divmodhi4.o)
                              ./src/MCAL/TIME0_AHMED/TIMER0_prg.o (__divmodhi4)
f:/programs/sdk/sdk_win_64/sdk_win_64/winavr/bin/../lib/gcc/avr/4.3.3/avr5\libgcc.a(_udivmodsi4.o)
                              ./src/MCAL/TIME0_AHMED/TIMER0_prg.o (__udivmodsi4)
f:/programs/sdk/sdk_win_64/sdk_win_64/winavr/bin/../lib/gcc/avr/4.3.3/avr5\libgcc.a(_divmodsi4.o)
                              ./src/HAL/LDR/LDR_prog.o (__divmodsi4)
f:/programs/sdk/sdk_win_64/sdk_win_64/winavr/bin/../lib/gcc/avr/4.3.3/avr5\libgcc.a(_exit.o)
                              f:/programs/sdk/sdk_win_64/sdk_win_64/winavr/bin/../lib/gcc/avr/4.3.3/../../../../avr/lib/avr5/crtm32.o (exit)
f:/programs/sdk/sdk_win_64/sdk_win_64/winavr/bin/../lib/gcc/avr/4.3.3/avr5\libgcc.a(_copy_data.o)
                              ./src/MCAL/UART_AHMED/UART_prg.o (__do_copy_data)
f:/programs/sdk/sdk_win_64/sdk_win_64/winavr/bin/../lib/gcc/avr/4.3.3/avr5\libgcc.a(_clear_bss.o)
                              ./src/MCAL/UART_AHMED/UART_prg.o (__do_clear_bss)
f:/programs/sdk/sdk_win_64/sdk_win_64/winavr/bin/../lib/gcc/avr/4.3.3/avr5\libgcc.a(_fixunssfsi.o)
                              ./src/MCAL/UART_AHMED/UART_prg.o (__fixunssfsi)
f:/programs/sdk/sdk_win_64/sdk_win_64/winavr/bin/../lib/gcc/avr/4.3.3/avr5\libgcc.a(_addsub_sf.o)
                              f:/programs/sdk/sdk_win_64/sdk_win_64/winavr/bin/../lib/gcc/avr/4.3.3/avr5\libgcc.a(_fixunssfsi.o) (__subsf3)
f:/programs/sdk/sdk_win_64/sdk_win_64/winavr/bin/../lib/gcc/avr/4.3.3/avr5\libgcc.a(_mul_sf.o)
                              ./src/MCAL/UART_AHMED/UART_prg.o (__mulsf3)
f:/programs/sdk/sdk_win_64/sdk_win_64/winavr/bin/../lib/gcc/avr/4.3.3/avr5\libgcc.a(_div_sf.o)
                              ./src/MCAL/UART_AHMED/UART_prg.o (__divsf3)
f:/programs/sdk/sdk_win_64/sdk_win_64/winavr/bin/../lib/gcc/avr/4.3.3/avr5\libgcc.a(_gt_sf.o)
                              ./src/MCAL/UART_AHMED/UART_prg.o (__gtsf2)
f:/programs/sdk/sdk_win_64/sdk_win_64/winavr/bin/../lib/gcc/avr/4.3.3/avr5\libgcc.a(_ge_sf.o)
                              f:/programs/sdk/sdk_win_64/sdk_win_64/winavr/bin/../lib/gcc/avr/4.3.3/avr5\libgcc.a(_fixunssfsi.o) (__gesf2)
f:/programs/sdk/sdk_win_64/sdk_win_64/winavr/bin/../lib/gcc/avr/4.3.3/avr5\libgcc.a(_lt_sf.o)
                              ./src/MCAL/UART_AHMED/UART_prg.o (__ltsf2)
f:/programs/sdk/sdk_win_64/sdk_win_64/winavr/bin/../lib/gcc/avr/4.3.3/avr5\libgcc.a(_sf_to_si.o)
                              ./src/MCAL/ADC/ADC_prg.o (__fixsfsi)
f:/programs/sdk/sdk_win_64/sdk_win_64/winavr/bin/../lib/gcc/avr/4.3.3/avr5\libgcc.a(_thenan_sf.o)
                              f:/programs/sdk/sdk_win_64/sdk_win_64/winavr/bin/../lib/gcc/avr/4.3.3/avr5\libgcc.a(_addsub_sf.o) (__thenan_sf)
f:/programs/sdk/sdk_win_64/sdk_win_64/winavr/bin/../lib/gcc/avr/4.3.3/avr5\libgcc.a(_usi_to_sf.o)
                              ./src/MCAL/TIME0_AHMED/TIMER0_prg.o (__floatunsisf)
f:/programs/sdk/sdk_win_64/sdk_win_64/winavr/bin/../lib/gcc/avr/4.3.3/avr5\libgcc.a(_prologue.o)
                              f:/programs/sdk/sdk_win_64/sdk_win_64/winavr/bin/../lib/gcc/avr/4.3.3/avr5\libgcc.a(_addsub_sf.o) (__prologue_saves__)
f:/programs/sdk/sdk_win_64/sdk_win_64/winavr/bin/../lib/gcc/avr/4.3.3/avr5\libgcc.a(_epilogue.o)
                              f:/programs/sdk/sdk_win_64/sdk_win_64/winavr/bin/../lib/gcc/avr/4.3.3/avr5\libgcc.a(_addsub_sf.o) (__epilogue_restores__)
f:/programs/sdk/sdk_win_64/sdk_win_64/winavr/bin/../lib/gcc/avr/4.3.3/avr5\libgcc.a(_clzsi2.o)
                              f:/programs/sdk/sdk_win_64/sdk_win_64/winavr/bin/../lib/gcc/avr/4.3.3/avr5\libgcc.a(_usi_to_sf.o) (__clzsi2)
f:/programs/sdk/sdk_win_64/sdk_win_64/winavr/bin/../lib/gcc/avr/4.3.3/avr5\libgcc.a(_pack_sf.o)
                              f:/programs/sdk/sdk_win_64/sdk_win_64/winavr/bin/../lib/gcc/avr/4.3.3/avr5\libgcc.a(_addsub_sf.o) (__pack_f)
f:/programs/sdk/sdk_win_64/sdk_win_64/winavr/bin/../lib/gcc/avr/4.3.3/avr5\libgcc.a(_unpack_sf.o)
                              f:/programs/sdk/sdk_win_64/sdk_win_64/winavr/bin/../lib/gcc/avr/4.3.3/avr5\libgcc.a(_addsub_sf.o) (__unpack_f)
f:/programs/sdk/sdk_win_64/sdk_win_64/winavr/bin/../lib/gcc/avr/4.3.3/avr5\libgcc.a(_fpcmp_parts_sf.o)
                              f:/programs/sdk/sdk_win_64/sdk_win_64/winavr/bin/../lib/gcc/avr/4.3.3/avr5\libgcc.a(_gt_sf.o) (__fpcmp_parts_f)
f:/programs/sdk/sdk_win_64/sdk_win_64/winavr/bin/../lib/gcc/avr/4.3.3/avr5\libgcc.a(_clz.o)
                              f:/programs/sdk/sdk_win_64/sdk_win_64/winavr/bin/../lib/gcc/avr/4.3.3/avr5\libgcc.a(_clzsi2.o) (__clz_tab)
f:/programs/sdk/sdk_win_64/sdk_win_64/winavr/bin/../lib/gcc/avr/4.3.3/../../../../avr/lib/avr5\libc.a(strchr.o)
                              ./src/HAL/WIFI_AHMED/wifi_prg.o (strchr)
f:/programs/sdk/sdk_win_64/sdk_win_64/winavr/bin/../lib/gcc/avr/4.3.3/../../../../avr/lib/avr5\libc.a(strlen.o)
                              ./src/HAL/WIFI_AHMED/wifi_prg.o (strlen)
f:/programs/sdk/sdk_win_64/sdk_win_64/winavr/bin/../lib/gcc/avr/4.3.3/../../../../avr/lib/avr5\libc.a(strstr.o)
                              ./src/HAL/WIFI_AHMED/wifi_prg.o (strstr)
f:/programs/sdk/sdk_win_64/sdk_win_64/winavr/bin/../lib/gcc/avr/4.3.3/../../../../avr/lib/avr5\libc.a(itoa.o)
                              ./src/HAL/LCD_AHMED/LCD_prg.o (itoa)
f:/programs/sdk/sdk_win_64/sdk_win_64/winavr/bin/../lib/gcc/avr/4.3.3/../../../../avr/lib/avr5\libc.a(sprintf.o)
                              ./src/HAL/WIFI_AHMED/wifi_prg.o (sprintf)
f:/programs/sdk/sdk_win_64/sdk_win_64/winavr/bin/../lib/gcc/avr/4.3.3/../../../../avr/lib/avr5\libc.a(vfprintf_std.o)
                              f:/programs/sdk/sdk_win_64/sdk_win_64/winavr/bin/../lib/gcc/avr/4.3.3/../../../../avr/lib/avr5\libc.a(sprintf.o) (vfprintf)
f:/programs/sdk/sdk_win_64/sdk_win_64/winavr/bin/../lib/gcc/avr/4.3.3/../../../../avr/lib/avr5\libc.a(strnlen_P.o)
                              f:/programs/sdk/sdk_win_64/sdk_win_64/winavr/bin/../lib/gcc/avr/4.3.3/../../../../avr/lib/avr5\libc.a(vfprintf_std.o) (strnlen_P)
f:/programs/sdk/sdk_win_64/sdk_win_64/winavr/bin/../lib/gcc/avr/4.3.3/../../../../avr/lib/avr5\libc.a(strnlen.o)
                              f:/programs/sdk/sdk_win_64/sdk_win_64/winavr/bin/../lib/gcc/avr/4.3.3/../../../../avr/lib/avr5\libc.a(vfprintf_std.o) (strnlen)
f:/programs/sdk/sdk_win_64/sdk_win_64/winavr/bin/../lib/gcc/avr/4.3.3/../../../../avr/lib/avr5\libc.a(strrev.o)
                              f:/programs/sdk/sdk_win_64/sdk_win_64/winavr/bin/../lib/gcc/avr/4.3.3/../../../../avr/lib/avr5\libc.a(itoa.o) (strrev)
f:/programs/sdk/sdk_win_64/sdk_win_64/winavr/bin/../lib/gcc/avr/4.3.3/../../../../avr/lib/avr5\libc.a(fputc.o)
                              f:/programs/sdk/sdk_win_64/sdk_win_64/winavr/bin/../lib/gcc/avr/4.3.3/../../../../avr/lib/avr5\libc.a(vfprintf_std.o) (fputc)
f:/programs/sdk/sdk_win_64/sdk_win_64/winavr/bin/../lib/gcc/avr/4.3.3/../../../../avr/lib/avr5\libc.a(ultoa_invert.o)
                              f:/programs/sdk/sdk_win_64/sdk_win_64/winavr/bin/../lib/gcc/avr/4.3.3/../../../../avr/lib/avr5\libc.a(vfprintf_std.o) (__ultoa_invert)

Allocating common symbols
Common symbol       size              file

LED_previous_State_Flag
                    0x1               ./src/APP/WIFI_send_receive.o
Login_Sucsess_Flag  0x1               ./src/APP/WIFI_send_receive.o
Motor_State_Flag    0x1               ./src/APP/WIFI_send_receive.o
previous_temp       0x4               ./src/APP/WIFI_send_receive.o
Login_Flag          0x1               ./src/APP/WIFI_send_receive.o
current_temp        0x4               ./src/APP/WIFI_send_receive.o
previous_intens     0x4               ./src/APP/WIFI_send_receive.o
LCD_Config_Arr      0x18              ./src/MCAL/ADC/ADC_prg.o
Logout_Request_Flag
                    0x1               ./src/APP/WIFI_send_receive.o
Motor_State_Flag_Privious_Reading
                    0x1               ./src/APP/WIFI_send_receive.o
current_intens      0x4               ./src/APP/WIFI_send_receive.o
Temp_Changed_Flag   0x1               ./src/APP/WIFI_send_receive.o
Intens_Changed_Flag
                    0x1               ./src/APP/WIFI_send_receive.o
LED_State_Flag      0x1               ./src/APP/WIFI_send_receive.o
Temperature_Request_Flag
                    0x1               ./src/APP/WIFI_send_receive.o

Memory Configuration

Name             Origin             Length             Attributes
text             0x00000000         0x00020000         xr
data             0x00800060         0x0000ffa0         rw !x
eeprom           0x00810000         0x00010000         rw !x
fuse             0x00820000         0x00000400         rw !x
lock             0x00830000         0x00000400         rw !x
signature        0x00840000         0x00000400         rw !x
*default*        0x00000000         0xffffffff

Linker script and memory map

LOAD f:/programs/sdk/sdk_win_64/sdk_win_64/winavr/bin/../lib/gcc/avr/4.3.3/../../../../avr/lib/avr5/crtm32.o
LOAD ./src/MCAL/UART_AHMED/UART_prg.o
LOAD ./src/MCAL/Timer1/TIMER_1_Program.o
LOAD ./src/MCAL/TIME0_AHMED/TIMER0_prg.o
LOAD ./src/MCAL/PORT_AHMED/Port_prg.o
LOAD ./src/MCAL/Global_Interrupt_AHMED/GLOBAL_INT_prg.o
LOAD ./src/MCAL/EXTI_AHMED/EXTI_INT_prg.o
LOAD ./src/MCAL/DIO_AHMED/Dio_prg.o
LOAD ./src/MCAL/ADC/ADC_prg.o
LOAD ./src/HAL/WIFI_AHMED/wifi_prg.o
LOAD ./src/HAL/LM35/LM35_prog.o
LOAD ./src/HAL/LED/LED_Prog.o
LOAD ./src/HAL/LDR/LDR_prog.o
LOAD ./src/HAL/LCD_AHMED/LCD_prg.o
LOAD ./src/HAL/DC_MOTOR_AHMED/Motor_prg.o
LOAD ./src/CONFIG/ADC_Lcfg.o
LOAD ./src/CONFIG/Dio_Lcfg.o
LOAD ./src/CONFIG/EXTI_INT_Lcfg.o
LOAD ./src/CONFIG/LCD_Lcfg.o
LOAD ./src/CONFIG/LDR_Lcfg.o
LOAD ./src/CONFIG/LED_Lcfg.o
LOAD ./src/CONFIG/LM35_Lcfg.o
LOAD ./src/CONFIG/Motor_Lcfg.o
LOAD ./src/CONFIG/Port_Lcfg.o
LOAD ./src/CONFIG/TIMER0_Lcfg.o
LOAD ./src/CONFIG/UART_Lcfg.o
LOAD ./src/APP/WIFI_send_receive.o
LOAD ./src/APP/adjust_system.o
LOAD ./src/APP/data_acquisition.o
LOAD ./src/APP/main.o
LOAD ./src/APP/system_init.o
LOAD f:/programs/sdk/sdk_win_64/sdk_win_64/winavr/bin/../lib/gcc/avr/4.3.3/avr5\libgcc.a
LOAD f:/programs/sdk/sdk_win_64/sdk_win_64/winavr/bin/../lib/gcc/avr/4.3.3/../../../../avr/lib/avr5\libc.a
LOAD f:/programs/sdk/sdk_win_64/sdk_win_64/winavr/bin/../lib/gcc/avr/4.3.3/avr5\libgcc.a

.hash
 *(.hash)

.dynsym
 *(.dynsym)

.dynstr
 *(.dynstr)

.gnu.version
 *(.gnu.version)

.gnu.version_d
 *(.gnu.version_d)

.gnu.version_r
 *(.gnu.version_r)

.rel.init
 *(.rel.init)

.rela.init
 *(.rela.init)

.rel.text
 *(.rel.text)
 *(.rel.text.*)
 *(.rel.gnu.linkonce.t*)

.rela.text
 *(.rela.text)
 *(.rela.text.*)
 *(.rela.gnu.linkonce.t*)

.rel.fini
 *(.rel.fini)

.rela.fini
 *(.rela.fini)

.rel.rodata
 *(.rel.rodata)
 *(.rel.rodata.*)
 *(.rel.gnu.linkonce.r*)

.rela.rodata
 *(.rela.rodata)
 *(.rela.rodata.*)
 *(.rela.gnu.linkonce.r*)

.rel.data
 *(.rel.data)
 *(.rel.data.*)
 *(.rel.gnu.linkonce.d*)

.rela.data
 *(.rela.data)
 *(.rela.data.*)
 *(.rela.gnu.linkonce.d*)

.rel.ctors
 *(.rel.ctors)

.rela.ctors
 *(.rela.ctors)

.rel.dtors
 *(.rel.dtors)

.rela.dtors
 *(.rela.dtors)

.rel.got
 *(.rel.got)

.rela.got
 *(.rela.got)

.rel.bss
 *(.rel.bss)

.rela.bss
 *(.rela.bss)

.rel.plt
 *(.rel.plt)

.rela.plt
 *(.rela.plt)

.text           0x00000000     0x72dc
 *(.vectors)
 .vectors       0x00000000       0x54 f:/programs/sdk/sdk_win_64/sdk_win_64/winavr/bin/../lib/gcc/avr/4.3.3/../../../../avr/lib/avr5/crtm32.o
                0x00000000                __vectors
                0x00000000                __vector_default
 *(.vectors)
 *(.progmem.gcc*)
 *(.progmem*)
                0x00000054                . = ALIGN (0x2)
                0x00000054                __trampolines_start = .
 *(.trampolines)
 .trampolines   0x00000054        0x0 linker stubs
 *(.trampolines*)
                0x00000054                __trampolines_end = .
 *(.jumptables)
 *(.jumptables*)
 *(.lowtext)
 *(.lowtext*)
                0x00000054                __ctors_start = .
 *(.ctors)
                0x00000054                __ctors_end = .
                0x00000054                __dtors_start = .
 *(.dtors)
                0x00000054                __dtors_end = .
 SORT(*)(.ctors)
 SORT(*)(.dtors)
 *(.init0)
 .init0         0x00000054        0x0 f:/programs/sdk/sdk_win_64/sdk_win_64/winavr/bin/../lib/gcc/avr/4.3.3/../../../../avr/lib/avr5/crtm32.o
                0x00000054                __init
 *(.init0)
 *(.init1)
 *(.init1)
 *(.init2)
 .init2         0x00000054        0xc f:/programs/sdk/sdk_win_64/sdk_win_64/winavr/bin/../lib/gcc/avr/4.3.3/../../../../avr/lib/avr5/crtm32.o
 *(.init2)
 *(.init3)
 *(.init3)
 *(.init4)
 .init4         0x00000060       0x16 f:/programs/sdk/sdk_win_64/sdk_win_64/winavr/bin/../lib/gcc/avr/4.3.3/avr5\libgcc.a(_copy_data.o)
                0x00000060                __do_copy_data
 .init4         0x00000076       0x10 f:/programs/sdk/sdk_win_64/sdk_win_64/winavr/bin/../lib/gcc/avr/4.3.3/avr5\libgcc.a(_clear_bss.o)
                0x00000076                __do_clear_bss
 *(.init4)
 *(.init5)
 *(.init5)
 *(.init6)
 *(.init6)
 *(.init7)
 *(.init7)
 *(.init8)
 *(.init8)
 *(.init9)
 .init9         0x00000086        0x8 f:/programs/sdk/sdk_win_64/sdk_win_64/winavr/bin/../lib/gcc/avr/4.3.3/../../../../avr/lib/avr5/crtm32.o
 *(.init9)
 *(.text)
 .text          0x0000008e        0x4 f:/programs/sdk/sdk_win_64/sdk_win_64/winavr/bin/../lib/gcc/avr/4.3.3/../../../../avr/lib/avr5/crtm32.o
                0x0000008e                __vector_12
                0x0000008e                __bad_interrupt
                0x0000008e                __vector_6
                0x0000008e                __vector_17
                0x0000008e                __vector_19
                0x0000008e                __vector_7
                0x0000008e                __vector_5
                0x0000008e                __vector_4
                0x0000008e                __vector_9
                0x0000008e                __vector_15
                0x0000008e                __vector_8
                0x0000008e                __vector_14
                0x0000008e                __vector_10
                0x0000008e                __vector_18
                0x0000008e                __vector_20
 .text          0x00000092        0x0 ./src/MCAL/UART_AHMED/UART_prg.o
 .text          0x00000092        0x0 ./src/MCAL/Timer1/TIMER_1_Program.o
 .text          0x00000092        0x0 ./src/MCAL/TIME0_AHMED/TIMER0_prg.o
 .text          0x00000092        0x0 ./src/MCAL/PORT_AHMED/Port_prg.o
 .text          0x00000092        0x0 ./src/MCAL/Global_Interrupt_AHMED/GLOBAL_INT_prg.o
 .text          0x00000092        0x0 ./src/MCAL/EXTI_AHMED/EXTI_INT_prg.o
 .text          0x00000092        0x0 ./src/MCAL/DIO_AHMED/Dio_prg.o
 .text          0x00000092        0x0 ./src/MCAL/ADC/ADC_prg.o
 .text          0x00000092        0x0 ./src/HAL/WIFI_AHMED/wifi_prg.o
 .text          0x00000092        0x0 ./src/HAL/LM35/LM35_prog.o
 .text          0x00000092        0x0 ./src/HAL/LED/LED_Prog.o
 .text          0x00000092        0x0 ./src/HAL/LDR/LDR_prog.o
 .text          0x00000092        0x0 ./src/HAL/LCD_AHMED/LCD_prg.o
 .text          0x00000092        0x0 ./src/HAL/DC_MOTOR_AHMED/Motor_prg.o
 .text          0x00000092        0x0 ./src/CONFIG/ADC_Lcfg.o
 .text          0x00000092        0x0 ./src/CONFIG/Dio_Lcfg.o
 .text          0x00000092        0x0 ./src/CONFIG/EXTI_INT_Lcfg.o
 .text          0x00000092        0x0 ./src/CONFIG/LCD_Lcfg.o
 .text          0x00000092        0x0 ./src/CONFIG/LDR_Lcfg.o
 .text          0x00000092        0x0 ./src/CONFIG/LED_Lcfg.o
 .text          0x00000092        0x0 ./src/CONFIG/LM35_Lcfg.o
 .text          0x00000092        0x0 ./src/CONFIG/Motor_Lcfg.o
 .text          0x00000092        0x0 ./src/CONFIG/Port_Lcfg.o
 .text          0x00000092        0x0 ./src/CONFIG/TIMER0_Lcfg.o
 .text          0x00000092        0x0 ./src/CONFIG/UART_Lcfg.o
 .text          0x00000092        0x0 ./src/APP/WIFI_send_receive.o
 .text          0x00000092        0x0 ./src/APP/adjust_system.o
 .text          0x00000092        0x0 ./src/APP/data_acquisition.o
 .text          0x00000092        0x0 ./src/APP/main.o
 .text          0x00000092        0x0 ./src/APP/system_init.o
 .text          0x00000092        0x0 f:/programs/sdk/sdk_win_64/sdk_win_64/winavr/bin/../lib/gcc/avr/4.3.3/avr5\libgcc.a(_mulsi3.o)
 .text          0x00000092        0x0 f:/programs/sdk/sdk_win_64/sdk_win_64/winavr/bin/../lib/gcc/avr/4.3.3/avr5\libgcc.a(_udivmodqi4.o)
 .text          0x00000092        0x0 f:/programs/sdk/sdk_win_64/sdk_win_64/winavr/bin/../lib/gcc/avr/4.3.3/avr5\libgcc.a(_udivmodhi4.o)
 .text          0x00000092        0x0 f:/programs/sdk/sdk_win_64/sdk_win_64/winavr/bin/../lib/gcc/avr/4.3.3/avr5\libgcc.a(_divmodhi4.o)
 .text          0x00000092        0x0 f:/programs/sdk/sdk_win_64/sdk_win_64/winavr/bin/../lib/gcc/avr/4.3.3/avr5\libgcc.a(_udivmodsi4.o)
 .text          0x00000092        0x0 f:/programs/sdk/sdk_win_64/sdk_win_64/winavr/bin/../lib/gcc/avr/4.3.3/avr5\libgcc.a(_divmodsi4.o)
 .text          0x00000092        0x0 f:/programs/sdk/sdk_win_64/sdk_win_64/winavr/bin/../lib/gcc/avr/4.3.3/avr5\libgcc.a(_exit.o)
 .text          0x00000092        0x0 f:/programs/sdk/sdk_win_64/sdk_win_64/winavr/bin/../lib/gcc/avr/4.3.3/avr5\libgcc.a(_copy_data.o)
 .text          0x00000092        0x0 f:/programs/sdk/sdk_win_64/sdk_win_64/winavr/bin/../lib/gcc/avr/4.3.3/avr5\libgcc.a(_clear_bss.o)
 .text          0x00000092       0x58 f:/programs/sdk/sdk_win_64/sdk_win_64/winavr/bin/../lib/gcc/avr/4.3.3/avr5\libgcc.a(_fixunssfsi.o)
                0x00000092                __fixunssfsi
 .text          0x000000ea      0x354 f:/programs/sdk/sdk_win_64/sdk_win_64/winavr/bin/../lib/gcc/avr/4.3.3/avr5\libgcc.a(_addsub_sf.o)
                0x00000382                __subsf3
                0x000003e4                __addsf3
 .text          0x0000043e      0x1f4 f:/programs/sdk/sdk_win_64/sdk_win_64/winavr/bin/../lib/gcc/avr/4.3.3/avr5\libgcc.a(_mul_sf.o)
                0x0000043e                __mulsf3
 .text          0x00000632      0x158 f:/programs/sdk/sdk_win_64/sdk_win_64/winavr/bin/../lib/gcc/avr/4.3.3/avr5\libgcc.a(_div_sf.o)
                0x00000632                __divsf3
 .text          0x0000078a       0x60 f:/programs/sdk/sdk_win_64/sdk_win_64/winavr/bin/../lib/gcc/avr/4.3.3/avr5\libgcc.a(_gt_sf.o)
                0x0000078a                __gtsf2
 .text          0x000007ea       0x60 f:/programs/sdk/sdk_win_64/sdk_win_64/winavr/bin/../lib/gcc/avr/4.3.3/avr5\libgcc.a(_ge_sf.o)
                0x000007ea                __gesf2
 .text          0x0000084a       0x60 f:/programs/sdk/sdk_win_64/sdk_win_64/winavr/bin/../lib/gcc/avr/4.3.3/avr5\libgcc.a(_lt_sf.o)
                0x0000084a                __ltsf2
 .text          0x000008aa       0xa8 f:/programs/sdk/sdk_win_64/sdk_win_64/winavr/bin/../lib/gcc/avr/4.3.3/avr5\libgcc.a(_sf_to_si.o)
                0x000008aa                __fixsfsi
 .text          0x00000952        0x0 f:/programs/sdk/sdk_win_64/sdk_win_64/winavr/bin/../lib/gcc/avr/4.3.3/avr5\libgcc.a(_thenan_sf.o)
 .text          0x00000952       0xf2 f:/programs/sdk/sdk_win_64/sdk_win_64/winavr/bin/../lib/gcc/avr/4.3.3/avr5\libgcc.a(_usi_to_sf.o)
                0x00000952                __floatunsisf
 .text          0x00000a44        0x0 f:/programs/sdk/sdk_win_64/sdk_win_64/winavr/bin/../lib/gcc/avr/4.3.3/avr5\libgcc.a(_prologue.o)
 .text          0x00000a44        0x0 f:/programs/sdk/sdk_win_64/sdk_win_64/winavr/bin/../lib/gcc/avr/4.3.3/avr5\libgcc.a(_epilogue.o)
 .text          0x00000a44       0x9e f:/programs/sdk/sdk_win_64/sdk_win_64/winavr/bin/../lib/gcc/avr/4.3.3/avr5\libgcc.a(_clzsi2.o)
                0x00000a44                __clzsi2
 .text          0x00000ae2      0x1aa f:/programs/sdk/sdk_win_64/sdk_win_64/winavr/bin/../lib/gcc/avr/4.3.3/avr5\libgcc.a(_pack_sf.o)
                0x00000ae2                __pack_f
 .text          0x00000c8c       0xf0 f:/programs/sdk/sdk_win_64/sdk_win_64/winavr/bin/../lib/gcc/avr/4.3.3/avr5\libgcc.a(_unpack_sf.o)
                0x00000c8c                __unpack_f
 .text          0x00000d7c       0xb2 f:/programs/sdk/sdk_win_64/sdk_win_64/winavr/bin/../lib/gcc/avr/4.3.3/avr5\libgcc.a(_fpcmp_parts_sf.o)
                0x00000d7c                __fpcmp_parts_f
 .text          0x00000e2e        0x0 f:/programs/sdk/sdk_win_64/sdk_win_64/winavr/bin/../lib/gcc/avr/4.3.3/avr5\libgcc.a(_clz.o)
 .text          0x00000e2e        0x0 f:/programs/sdk/sdk_win_64/sdk_win_64/winavr/bin/../lib/gcc/avr/4.3.3/../../../../avr/lib/avr5\libc.a(strchr.o)
 .text          0x00000e2e        0x0 f:/programs/sdk/sdk_win_64/sdk_win_64/winavr/bin/../lib/gcc/avr/4.3.3/../../../../avr/lib/avr5\libc.a(strlen.o)
 .text          0x00000e2e        0x0 f:/programs/sdk/sdk_win_64/sdk_win_64/winavr/bin/../lib/gcc/avr/4.3.3/../../../../avr/lib/avr5\libc.a(strstr.o)
 .text          0x00000e2e        0x0 f:/programs/sdk/sdk_win_64/sdk_win_64/winavr/bin/../lib/gcc/avr/4.3.3/../../../../avr/lib/avr5\libc.a(itoa.o)
 .text          0x00000e2e        0x0 f:/programs/sdk/sdk_win_64/sdk_win_64/winavr/bin/../lib/gcc/avr/4.3.3/../../../../avr/lib/avr5\libc.a(sprintf.o)
 .text          0x00000e2e        0x0 f:/programs/sdk/sdk_win_64/sdk_win_64/winavr/bin/../lib/gcc/avr/4.3.3/../../../../avr/lib/avr5\libc.a(vfprintf_std.o)
 .text          0x00000e2e        0x0 f:/programs/sdk/sdk_win_64/sdk_win_64/winavr/bin/../lib/gcc/avr/4.3.3/../../../../avr/lib/avr5\libc.a(strnlen_P.o)
 .text          0x00000e2e        0x0 f:/programs/sdk/sdk_win_64/sdk_win_64/winavr/bin/../lib/gcc/avr/4.3.3/../../../../avr/lib/avr5\libc.a(strnlen.o)
 .text          0x00000e2e        0x0 f:/programs/sdk/sdk_win_64/sdk_win_64/winavr/bin/../lib/gcc/avr/4.3.3/../../../../avr/lib/avr5\libc.a(strrev.o)
 .text          0x00000e2e        0x0 f:/programs/sdk/sdk_win_64/sdk_win_64/winavr/bin/../lib/gcc/avr/4.3.3/../../../../avr/lib/avr5\libc.a(fputc.o)
 .text          0x00000e2e        0x0 f:/programs/sdk/sdk_win_64/sdk_win_64/winavr/bin/../lib/gcc/avr/4.3.3/../../../../avr/lib/avr5\libc.a(ultoa_invert.o)
                0x00000e2e                . = ALIGN (0x2)
 *(.text.*)
 .text.UART_Init
                0x00000e2e       0x60 ./src/MCAL/UART_AHMED/UART_prg.o
                0x00000e2e                UART_Init
 .text.UART_sendByte
                0x00000e8e       0x3e ./src/MCAL/UART_AHMED/UART_prg.o
                0x00000e8e                UART_sendByte
 .text.UART_sendString
                0x00000ecc       0x4e ./src/MCAL/UART_AHMED/UART_prg.o
                0x00000ecc                UART_sendString
 .text.UART_receiveByteSynchNonBlocking
                0x00000f1a       0x38 ./src/MCAL/UART_AHMED/UART_prg.o
                0x00000f1a                UART_receiveByteSynchNonBlocking
 .text.UART_receiveByteSynchNonBlocking2
                0x00000f52      0x1ce ./src/MCAL/UART_AHMED/UART_prg.o
                0x00000f52                UART_receiveByteSynchNonBlocking2
 .text.UART_Set_CallBack
                0x00001120       0x2c ./src/MCAL/UART_AHMED/UART_prg.o
                0x00001120                UART_Set_CallBack
 .text.__vector_13
                0x0000114c       0x66 ./src/MCAL/UART_AHMED/UART_prg.o
                0x0000114c                __vector_13
 .text.M_TIMER1_void_Init
                0x000011b2       0xf4 ./src/MCAL/Timer1/TIMER_1_Program.o
                0x000011b2                M_TIMER1_void_Init
 .text.M_TIMER1_void_FastPWM
                0x000012a6       0x7a ./src/MCAL/Timer1/TIMER_1_Program.o
                0x000012a6                M_TIMER1_void_FastPWM
 .text.M_TIMER1_void_Start
                0x00001320       0x56 ./src/MCAL/Timer1/TIMER_1_Program.o
                0x00001320                M_TIMER1_void_Start
 .text.M_TIMER1_void_Stop
                0x00001376       0x66 ./src/MCAL/Timer1/TIMER_1_Program.o
                0x00001376                M_TIMER1_void_Stop
 .text.M_TIMER1_void_ICU_Enable
                0x000013dc       0x30 ./src/MCAL/Timer1/TIMER_1_Program.o
                0x000013dc                M_TIMER1_void_ICU_Enable
 .text.M_TIMER1_void_ICU_TriggerSelect
                0x0000140c       0x4a ./src/MCAL/Timer1/TIMER_1_Program.o
                0x0000140c                M_TIMER1_void_ICU_TriggerSelect
 .text.M_TIMER1_void_ICU_INTERRUPTDIS
                0x00001456       0x1c ./src/MCAL/Timer1/TIMER_1_Program.o
                0x00001456                M_TIMER1_void_ICU_INTERRUPTDIS
 .text.M_TIMER1_void_ICU_Reading
                0x00001472       0x16 ./src/MCAL/Timer1/TIMER_1_Program.o
                0x00001472                M_TIMER1_void_ICU_Reading
 .text.M_TIMER1_void_ICU_SetCallBack
                0x00001488        0xe ./src/MCAL/Timer1/TIMER_1_Program.o
                0x00001488                M_TIMER1_void_ICU_SetCallBack
 .text.M_TIMER1_u8_Reset_flag
                0x00001496       0x40 ./src/MCAL/Timer1/TIMER_1_Program.o
                0x00001496                M_TIMER1_u8_Reset_flag
 .text.M_vTIMER0_Init
                0x000014d6      0x14c ./src/MCAL/TIME0_AHMED/TIMER0_prg.o
                0x000014d6                M_vTIMER0_Init
 .text.M_vTIMER0_Start
                0x00001622       0xfe ./src/MCAL/TIME0_AHMED/TIMER0_prg.o
                0x00001622                M_vTIMER0_Start
 .text.M_vTIMER0_Stop
                0x00001720       0x28 ./src/MCAL/TIME0_AHMED/TIMER0_prg.o
                0x00001720                M_vTIMER0_Stop
 .text.M_vTIMER0_GetCounts
                0x00001748        0xe ./src/MCAL/TIME0_AHMED/TIMER0_prg.o
                0x00001748                M_vTIMER0_GetCounts
 .text.M_vTIMER0_SetDelayTimeMilliSec
                0x00001756      0x1f6 ./src/MCAL/TIME0_AHMED/TIMER0_prg.o
                0x00001756                M_vTIMER0_SetDelayTimeMilliSec
 .text.M_vTIMER0_EnableInt
                0x0000194c       0x56 ./src/MCAL/TIME0_AHMED/TIMER0_prg.o
                0x0000194c                M_vTIMER0_EnableInt
 .text.M_vTIMER0_DisableInt
                0x000019a2       0x56 ./src/MCAL/TIME0_AHMED/TIMER0_prg.o
                0x000019a2                M_vTIMER0_DisableInt
 .text.M_vTIMER0_SetFastPWM
                0x000019f8       0xcc ./src/MCAL/TIME0_AHMED/TIMER0_prg.o
                0x000019f8                M_vTIMER0_SetFastPWM
 .text.M_vTIMER0_SetPhaseCorrectPWM
                0x00001ac4      0x1b8 ./src/MCAL/TIME0_AHMED/TIMER0_prg.o
                0x00001ac4                M_vTIMER0_SetPhaseCorrectPWM
 .text.M_vTIMER0_SetCallBack
                0x00001c7c       0x3e ./src/MCAL/TIME0_AHMED/TIMER0_prg.o
                0x00001c7c                M_vTIMER0_SetCallBack
 .text.__vector_11
                0x00001cba       0xc8 ./src/MCAL/TIME0_AHMED/TIMER0_prg.o
                0x00001cba                __vector_11
 .text.Port_Init
                0x00001d82      0x4e2 ./src/MCAL/PORT_AHMED/Port_prg.o
                0x00001d82                Port_Init
 .text.M_vEnable_Global_Interrupts
                0x00002264       0x1c ./src/MCAL/Global_Interrupt_AHMED/GLOBAL_INT_prg.o
                0x00002264                M_vEnable_Global_Interrupts
 .text.M_vDisable_Global_Interrupts
                0x00002280       0x1c ./src/MCAL/Global_Interrupt_AHMED/GLOBAL_INT_prg.o
                0x00002280                M_vDisable_Global_Interrupts
 .text.M_vEXTI_INT_Enable
                0x0000229c      0x140 ./src/MCAL/EXTI_AHMED/EXTI_INT_prg.o
                0x0000229c                M_vEXTI_INT_Enable
 .text.M_vEXTI_INT_Disable
                0x000023dc       0x80 ./src/MCAL/EXTI_AHMED/EXTI_INT_prg.o
                0x000023dc                M_vEXTI_INT_Disable
 .text.M_vEXTI_SetCallBack
                0x0000245c       0x3e ./src/MCAL/EXTI_AHMED/EXTI_INT_prg.o
                0x0000245c                M_vEXTI_SetCallBack
 .text.__vector_1
                0x0000249a       0x66 ./src/MCAL/EXTI_AHMED/EXTI_INT_prg.o
                0x0000249a                __vector_1
 .text.__vector_2
                0x00002500       0x66 ./src/MCAL/EXTI_AHMED/EXTI_INT_prg.o
                0x00002500                __vector_2
 .text.__vector_3
                0x00002566       0x66 ./src/MCAL/EXTI_AHMED/EXTI_INT_prg.o
                0x00002566                __vector_3
 .text.M_Dio_en_getPinValue
                0x000025cc      0x10c ./src/MCAL/DIO_AHMED/Dio_prg.o
                0x000025cc                M_Dio_en_getPinValue
 .text.M_Dio_void_setPinValue
                0x000026d8      0x21c ./src/MCAL/DIO_AHMED/Dio_prg.o
                0x000026d8                M_Dio_void_setPinValue
 .text.M_Dio_en_getPortValue
                0x000028f4       0x84 ./src/MCAL/DIO_AHMED/Dio_prg.o
                0x000028f4                M_Dio_en_getPortValue
 .text.M_Dio_void_setPortValue
                0x00002978       0x84 ./src/MCAL/DIO_AHMED/Dio_prg.o
                0x00002978                M_Dio_void_setPortValue
 .text.M_Dio_void_togglePinValue
                0x000029fc      0x118 ./src/MCAL/DIO_AHMED/Dio_prg.o
                0x000029fc                M_Dio_void_togglePinValue
 .text.M_ADC_enu_init
                0x00002b14      0x27a ./src/MCAL/ADC/ADC_prg.o
                0x00002b14                M_ADC_enu_init
 .text.M_ADC_enu_getDigitalValueSynchNonBlocking
                0x00002d8e      0x134 ./src/MCAL/ADC/ADC_prg.o
                0x00002d8e                M_ADC_enu_getDigitalValueSynchNonBlocking
 .text.M_ADC_enu_startConversion
                0x00002ec2       0x26 ./src/MCAL/ADC/ADC_prg.o
                0x00002ec2                M_ADC_enu_startConversion
 .text.M_ADC_enu_getDigitalValueAsynchCallBack
                0x00002ee8      0x14a ./src/MCAL/ADC/ADC_prg.o
                0x00002ee8                M_ADC_enu_getDigitalValueAsynchCallBack
 .text.M_ADC_enu_setCallBack
                0x00003032       0x54 ./src/MCAL/ADC/ADC_prg.o
                0x00003032                M_ADC_enu_setCallBack
 .text.M_ADC_enu_selectChannel
                0x00003086       0x42 ./src/MCAL/ADC/ADC_prg.o
                0x00003086                M_ADC_enu_selectChannel
 .text.__vector_16
                0x000030c8       0x7c ./src/MCAL/ADC/ADC_prg.o
                0x000030c8                __vector_16
 .text.wifi_connect
                0x00003144     0x1634 ./src/HAL/WIFI_AHMED/wifi_prg.o
                0x00003144                wifi_connect
 .text.Check_Wifi_Respones
                0x00004778       0x64 ./src/HAL/WIFI_AHMED/wifi_prg.o
                0x00004778                Check_Wifi_Respones
 .text.Wifi_Wait_Respones
                0x000047dc      0x144 ./src/HAL/WIFI_AHMED/wifi_prg.o
                0x000047dc                Wifi_Wait_Respones
 .text.Wifi_Wait_Data
                0x00004920       0x66 ./src/HAL/WIFI_AHMED/wifi_prg.o
                0x00004920                Wifi_Wait_Data
 .text.Wifi_Send_Data
                0x00004986      0x12c ./src/HAL/WIFI_AHMED/wifi_prg.o
                0x00004986                Wifi_Send_Data
 .text.Wifi_Send_Data2
                0x00004ab2      0x170 ./src/HAL/WIFI_AHMED/wifi_prg.o
                0x00004ab2                Wifi_Send_Data2
 .text.Wifi_Buffer_Reset
                0x00004c22       0x48 ./src/HAL/WIFI_AHMED/wifi_prg.o
                0x00004c22                Wifi_Buffer_Reset
 .text.Wifi_Response_Reciver_UART_CallBack
                0x00004c6a       0x5a ./src/HAL/WIFI_AHMED/wifi_prg.o
                0x00004c6a                Wifi_Response_Reciver_UART_CallBack
 .text.H_LM35_enu_getTemp
                0x00004cc4       0x9c ./src/HAL/LM35/LM35_prog.o
                0x00004cc4                H_LM35_enu_getTemp
 .text.H_LED_void_turnOn
                0x00004d60       0x7e ./src/HAL/LED/LED_Prog.o
                0x00004d60                H_LED_void_turnOn
 .text.H_LED_void_turnOff
                0x00004dde       0x7e ./src/HAL/LED/LED_Prog.o
                0x00004dde                H_LED_void_turnOff
 .text.H_LED_void_toggle
                0x00004e5c       0x76 ./src/HAL/LED/LED_Prog.o
                0x00004e5c                H_LED_void_toggle
 .text.H_LED_void_set_Intensity
                0x00004ed2       0x26 ./src/HAL/LED/LED_Prog.o
                0x00004ed2                H_LED_void_set_Intensity
 .text.H_LDR_enu_getIntensity
                0x00004ef8       0xb8 ./src/HAL/LDR/LDR_prog.o
                0x00004ef8                H_LDR_enu_getIntensity
 .text.H_LCD_void_latchByte
                0x00004fb0      0x46a ./src/HAL/LCD_AHMED/LCD_prg.o
 .text.H_LCD_void_sendCommand
                0x0000541a       0x22 ./src/HAL/LCD_AHMED/LCD_prg.o
                0x0000541a                H_LCD_void_sendCommand
 .text.H_LCD_void_sendData
                0x0000543c       0x22 ./src/HAL/LCD_AHMED/LCD_prg.o
                0x0000543c                H_LCD_void_sendData
 .text.H_LCD_void_sendString
                0x0000545e       0x56 ./src/HAL/LCD_AHMED/LCD_prg.o
                0x0000545e                H_LCD_void_sendString
 .text.H_LCD_void_sendIntNum
                0x000054b4       0xaa ./src/HAL/LCD_AHMED/LCD_prg.o
                0x000054b4                H_LCD_void_sendIntNum
 .text.H_LCD_void_gotoXY
                0x0000555e      0x122 ./src/HAL/LCD_AHMED/LCD_prg.o
                0x0000555e                H_LCD_void_gotoXY
 .text.H_LCD_void_creatCustomChar
                0x00005680       0x64 ./src/HAL/LCD_AHMED/LCD_prg.o
                0x00005680                H_LCD_void_creatCustomChar
 .text.H_LCD_void_displayCustomChar
                0x000056e4       0x1a ./src/HAL/LCD_AHMED/LCD_prg.o
                0x000056e4                H_LCD_void_displayCustomChar
 .text.H_LCD_void_Clear_Display
                0x000056fe       0x1a ./src/HAL/LCD_AHMED/LCD_prg.o
                0x000056fe                H_LCD_void_Clear_Display
 .text.H_LCD_void_Init
                0x00005718      0x12e ./src/HAL/LCD_AHMED/LCD_prg.o
                0x00005718                H_LCD_void_Init
 .text.MOTOR_ON
                0x00005846       0x38 ./src/HAL/DC_MOTOR_AHMED/Motor_prg.o
                0x00005846                MOTOR_ON
 .text.MOTOR_OFF
                0x0000587e       0x16 ./src/HAL/DC_MOTOR_AHMED/Motor_prg.o
                0x0000587e                MOTOR_OFF
 .text.Read_Wifi
                0x00005894       0x92 ./src/APP/WIFI_send_receive.o
                0x00005894                Read_Wifi
 .text.Show_Temperture_Wifi
                0x00005926       0x8c ./src/APP/WIFI_send_receive.o
                0x00005926                Show_Temperture_Wifi
 .text.Show_Menu_Wifi
                0x000059b2       0x16 ./src/APP/WIFI_send_receive.o
                0x000059b2                Show_Menu_Wifi
 .text.Adjust_FanSpeed
                0x000059c8       0xba ./src/APP/adjust_system.o
                0x000059c8                Adjust_FanSpeed
 .text.Adjust_LEDIntensety
                0x00005a82       0x58 ./src/APP/adjust_system.o
                0x00005a82                Adjust_LEDIntensety
 .text.Led_Control
                0x00005ada       0x98 ./src/APP/adjust_system.o
                0x00005ada                Led_Control
 .text.Motor_Control
                0x00005b72       0xb2 ./src/APP/adjust_system.o
                0x00005b72                Motor_Control
 .text.getTempAndIntens
                0x00005c24      0x3a0 ./src/APP/data_acquisition.o
                0x00005c24                getTempAndIntens
 .text.main     0x00005fc4      0x212 ./src/APP/main.o
                0x00005fc4                main
 .text.sytem_init
                0x000061d6       0x60 ./src/APP/system_init.o
                0x000061d6                sytem_init
 .text.ECU1_Login_Sucsess_Signal
                0x00006236       0x14 ./src/APP/system_init.o
                0x00006236                ECU1_Login_Sucsess_Signal
 .text.Check_Login_Sucsess
                0x0000624a      0x502 ./src/APP/system_init.o
                0x0000624a                Check_Login_Sucsess
 .text.Logout_Request_Handler
                0x0000674c      0x400 ./src/APP/system_init.o
                0x0000674c                Logout_Request_Handler
 .text.libgcc   0x00006b4c       0x3e f:/programs/sdk/sdk_win_64/sdk_win_64/winavr/bin/../lib/gcc/avr/4.3.3/avr5\libgcc.a(_mulsi3.o)
                0x00006b4c                __mulsi3
 .text.libgcc   0x00006b8a       0x18 f:/programs/sdk/sdk_win_64/sdk_win_64/winavr/bin/../lib/gcc/avr/4.3.3/avr5\libgcc.a(_udivmodqi4.o)
                0x00006b8a                __udivmodqi4
 .text.libgcc   0x00006ba2       0x28 f:/programs/sdk/sdk_win_64/sdk_win_64/winavr/bin/../lib/gcc/avr/4.3.3/avr5\libgcc.a(_udivmodhi4.o)
                0x00006ba2                __udivmodhi4
 .text.libgcc   0x00006bca       0x26 f:/programs/sdk/sdk_win_64/sdk_win_64/winavr/bin/../lib/gcc/avr/4.3.3/avr5\libgcc.a(_divmodhi4.o)
                0x00006bca                __divmodhi4
                0x00006bca                _div
 .text.libgcc   0x00006bf0       0x44 f:/programs/sdk/sdk_win_64/sdk_win_64/winavr/bin/../lib/gcc/avr/4.3.3/avr5\libgcc.a(_udivmodsi4.o)
                0x00006bf0                __udivmodsi4
 .text.libgcc   0x00006c34       0x36 f:/programs/sdk/sdk_win_64/sdk_win_64/winavr/bin/../lib/gcc/avr/4.3.3/avr5\libgcc.a(_divmodsi4.o)
                0x00006c34                __divmodsi4
 .text.libgcc   0x00006c6a        0x0 f:/programs/sdk/sdk_win_64/sdk_win_64/winavr/bin/../lib/gcc/avr/4.3.3/avr5\libgcc.a(_exit.o)
 .text.libgcc   0x00006c6a        0x0 f:/programs/sdk/sdk_win_64/sdk_win_64/winavr/bin/../lib/gcc/avr/4.3.3/avr5\libgcc.a(_copy_data.o)
 .text.libgcc   0x00006c6a        0x0 f:/programs/sdk/sdk_win_64/sdk_win_64/winavr/bin/../lib/gcc/avr/4.3.3/avr5\libgcc.a(_clear_bss.o)
 .text.libgcc   0x00006c6a       0x38 f:/programs/sdk/sdk_win_64/sdk_win_64/winavr/bin/../lib/gcc/avr/4.3.3/avr5\libgcc.a(_prologue.o)
                0x00006c6a                __prologue_saves__
 .text.libgcc   0x00006ca2       0x36 f:/programs/sdk/sdk_win_64/sdk_win_64/winavr/bin/../lib/gcc/avr/4.3.3/avr5\libgcc.a(_epilogue.o)
                0x00006ca2                __epilogue_restores__
 .text.avr-libc
                0x00006cd8       0x16 f:/programs/sdk/sdk_win_64/sdk_win_64/winavr/bin/../lib/gcc/avr/4.3.3/../../../../avr/lib/avr5\libc.a(strchr.o)
                0x00006cd8                strchr
 .text.avr-libc
                0x00006cee       0x12 f:/programs/sdk/sdk_win_64/sdk_win_64/winavr/bin/../lib/gcc/avr/4.3.3/../../../../avr/lib/avr5\libc.a(strlen.o)
                0x00006cee                strlen
 .text.avr-libc
                0x00006d00       0x34 f:/programs/sdk/sdk_win_64/sdk_win_64/winavr/bin/../lib/gcc/avr/4.3.3/../../../../avr/lib/avr5\libc.a(strstr.o)
                0x00006d00                strstr
 .text.avr-libc
                0x00006d34       0x42 f:/programs/sdk/sdk_win_64/sdk_win_64/winavr/bin/../lib/gcc/avr/4.3.3/../../../../avr/lib/avr5\libc.a(itoa.o)
                0x00006d34                itoa
 .text.avr-libc
                0x00006d76       0x48 f:/programs/sdk/sdk_win_64/sdk_win_64/winavr/bin/../lib/gcc/avr/4.3.3/../../../../avr/lib/avr5\libc.a(sprintf.o)
                0x00006d76                sprintf
 .text.avr-libc
                0x00006dbe      0x3ba f:/programs/sdk/sdk_win_64/sdk_win_64/winavr/bin/../lib/gcc/avr/4.3.3/../../../../avr/lib/avr5\libc.a(vfprintf_std.o)
                0x00006dbe                vfprintf
 .text.avr-libc
                0x00007178       0x16 f:/programs/sdk/sdk_win_64/sdk_win_64/winavr/bin/../lib/gcc/avr/4.3.3/../../../../avr/lib/avr5\libc.a(strnlen_P.o)
                0x00007178                strnlen_P
 .text.avr-libc
                0x0000718e       0x16 f:/programs/sdk/sdk_win_64/sdk_win_64/winavr/bin/../lib/gcc/avr/4.3.3/../../../../avr/lib/avr5\libc.a(strnlen.o)
                0x0000718e                strnlen
 .text.avr-libc
                0x000071a4       0x20 f:/programs/sdk/sdk_win_64/sdk_win_64/winavr/bin/../lib/gcc/avr/4.3.3/../../../../avr/lib/avr5\libc.a(strrev.o)
                0x000071a4                strrev
 .text.avr-libc
                0x000071c4       0x58 f:/programs/sdk/sdk_win_64/sdk_win_64/winavr/bin/../lib/gcc/avr/4.3.3/../../../../avr/lib/avr5\libc.a(fputc.o)
                0x000071c4                fputc
 .text.avr-libc
                0x0000721c       0xbc f:/programs/sdk/sdk_win_64/sdk_win_64/winavr/bin/../lib/gcc/avr/4.3.3/../../../../avr/lib/avr5\libc.a(ultoa_invert.o)
                0x0000721c                __ultoa_invert
                0x000072d8                . = ALIGN (0x2)
 *(.fini9)
 .fini9         0x000072d8        0x0 f:/programs/sdk/sdk_win_64/sdk_win_64/winavr/bin/../lib/gcc/avr/4.3.3/avr5\libgcc.a(_exit.o)
                0x000072d8                exit
                0x000072d8                _exit
 *(.fini9)
 *(.fini8)
 *(.fini8)
 *(.fini7)
 *(.fini7)
 *(.fini6)
 *(.fini6)
 *(.fini5)
 *(.fini5)
 *(.fini4)
 *(.fini4)
 *(.fini3)
 *(.fini3)
 *(.fini2)
 *(.fini2)
 *(.fini1)
 *(.fini1)
 *(.fini0)
 .fini0         0x000072d8        0x4 f:/programs/sdk/sdk_win_64/sdk_win_64/winavr/bin/../lib/gcc/avr/4.3.3/avr5\libgcc.a(_exit.o)
 *(.fini0)
                0x000072dc                _etext = .

.data           0x00800060      0x404 load address 0x000072dc
                0x00800060                PROVIDE (__data_start, .)
 *(.data)
 .data          0x00800060        0x0 f:/programs/sdk/sdk_win_64/sdk_win_64/winavr/bin/../lib/gcc/avr/4.3.3/../../../../avr/lib/avr5/crtm32.o
 .data          0x00800060        0x0 ./src/MCAL/UART_AHMED/UART_prg.o
 .data          0x00800060        0x0 ./src/MCAL/Timer1/TIMER_1_Program.o
 .data          0x00800060        0x0 ./src/MCAL/TIME0_AHMED/TIMER0_prg.o
 .data          0x00800060        0x0 ./src/MCAL/PORT_AHMED/Port_prg.o
 .data          0x00800060        0x0 ./src/MCAL/Global_Interrupt_AHMED/GLOBAL_INT_prg.o
 .data          0x00800060        0x0 ./src/MCAL/EXTI_AHMED/EXTI_INT_prg.o
 .data          0x00800060        0x0 ./src/MCAL/DIO_AHMED/Dio_prg.o
 .data          0x00800060        0x0 ./src/MCAL/ADC/ADC_prg.o
 .data          0x00800060       0xbf ./src/HAL/WIFI_AHMED/wifi_prg.o
 .data          0x0080011f        0x0 ./src/HAL/LM35/LM35_prog.o
 .data          0x0080011f        0x0 ./src/HAL/LED/LED_Prog.o
 .data          0x0080011f        0x0 ./src/HAL/LDR/LDR_prog.o
 .data          0x0080011f        0x0 ./src/HAL/LCD_AHMED/LCD_prg.o
 .data          0x0080011f        0x0 ./src/HAL/DC_MOTOR_AHMED/Motor_prg.o
 .data          0x0080011f        0x0 ./src/CONFIG/ADC_Lcfg.o
 .data          0x0080011f        0x0 ./src/CONFIG/Dio_Lcfg.o
 .data          0x0080011f        0x0 ./src/CONFIG/EXTI_INT_Lcfg.o
 .data          0x0080011f        0x0 ./src/CONFIG/LCD_Lcfg.o
 .data          0x0080011f        0x0 ./src/CONFIG/LDR_Lcfg.o
 .data          0x0080011f        0x0 ./src/CONFIG/LED_Lcfg.o
 .data          0x0080011f        0x0 ./src/CONFIG/LM35_Lcfg.o
 .data          0x0080011f        0x0 ./src/CONFIG/Motor_Lcfg.o
 .data          0x0080011f        0x0 ./src/CONFIG/Port_Lcfg.o
 .data          0x0080011f        0x0 ./src/CONFIG/TIMER0_Lcfg.o
 .data          0x0080011f        0x0 ./src/CONFIG/UART_Lcfg.o
 .data          0x0080011f       0xa9 ./src/APP/WIFI_send_receive.o
 .data          0x008001c8       0x69 ./src/APP/adjust_system.o
 .data          0x00800231        0xe ./src/APP/data_acquisition.o
 .data          0x0080023f        0x0 ./src/APP/main.o
 .data          0x0080023f       0x5c ./src/APP/system_init.o
 .data          0x0080029b        0x0 f:/programs/sdk/sdk_win_64/sdk_win_64/winavr/bin/../lib/gcc/avr/4.3.3/avr5\libgcc.a(_mulsi3.o)
 .data          0x0080029b        0x0 f:/programs/sdk/sdk_win_64/sdk_win_64/winavr/bin/../lib/gcc/avr/4.3.3/avr5\libgcc.a(_udivmodqi4.o)
 .data          0x0080029b        0x0 f:/programs/sdk/sdk_win_64/sdk_win_64/winavr/bin/../lib/gcc/avr/4.3.3/avr5\libgcc.a(_udivmodhi4.o)
 .data          0x0080029b        0x0 f:/programs/sdk/sdk_win_64/sdk_win_64/winavr/bin/../lib/gcc/avr/4.3.3/avr5\libgcc.a(_divmodhi4.o)
 .data          0x0080029b        0x0 f:/programs/sdk/sdk_win_64/sdk_win_64/winavr/bin/../lib/gcc/avr/4.3.3/avr5\libgcc.a(_udivmodsi4.o)
 .data          0x0080029b        0x0 f:/programs/sdk/sdk_win_64/sdk_win_64/winavr/bin/../lib/gcc/avr/4.3.3/avr5\libgcc.a(_divmodsi4.o)
 .data          0x0080029b        0x0 f:/programs/sdk/sdk_win_64/sdk_win_64/winavr/bin/../lib/gcc/avr/4.3.3/avr5\libgcc.a(_exit.o)
 .data          0x0080029b        0x0 f:/programs/sdk/sdk_win_64/sdk_win_64/winavr/bin/../lib/gcc/avr/4.3.3/avr5\libgcc.a(_copy_data.o)
 .data          0x0080029b        0x0 f:/programs/sdk/sdk_win_64/sdk_win_64/winavr/bin/../lib/gcc/avr/4.3.3/avr5\libgcc.a(_clear_bss.o)
 .data          0x0080029b        0x0 f:/programs/sdk/sdk_win_64/sdk_win_64/winavr/bin/../lib/gcc/avr/4.3.3/avr5\libgcc.a(_fixunssfsi.o)
 .data          0x0080029b        0x0 f:/programs/sdk/sdk_win_64/sdk_win_64/winavr/bin/../lib/gcc/avr/4.3.3/avr5\libgcc.a(_addsub_sf.o)
 .data          0x0080029b        0x0 f:/programs/sdk/sdk_win_64/sdk_win_64/winavr/bin/../lib/gcc/avr/4.3.3/avr5\libgcc.a(_mul_sf.o)
 .data          0x0080029b        0x0 f:/programs/sdk/sdk_win_64/sdk_win_64/winavr/bin/../lib/gcc/avr/4.3.3/avr5\libgcc.a(_div_sf.o)
 .data          0x0080029b        0x0 f:/programs/sdk/sdk_win_64/sdk_win_64/winavr/bin/../lib/gcc/avr/4.3.3/avr5\libgcc.a(_gt_sf.o)
 .data          0x0080029b        0x0 f:/programs/sdk/sdk_win_64/sdk_win_64/winavr/bin/../lib/gcc/avr/4.3.3/avr5\libgcc.a(_ge_sf.o)
 .data          0x0080029b        0x0 f:/programs/sdk/sdk_win_64/sdk_win_64/winavr/bin/../lib/gcc/avr/4.3.3/avr5\libgcc.a(_lt_sf.o)
 .data          0x0080029b        0x0 f:/programs/sdk/sdk_win_64/sdk_win_64/winavr/bin/../lib/gcc/avr/4.3.3/avr5\libgcc.a(_sf_to_si.o)
 .data          0x0080029b        0x8 f:/programs/sdk/sdk_win_64/sdk_win_64/winavr/bin/../lib/gcc/avr/4.3.3/avr5\libgcc.a(_thenan_sf.o)
                0x0080029b                __thenan_sf
 .data          0x008002a3        0x0 f:/programs/sdk/sdk_win_64/sdk_win_64/winavr/bin/../lib/gcc/avr/4.3.3/avr5\libgcc.a(_usi_to_sf.o)
 .data          0x008002a3        0x0 f:/programs/sdk/sdk_win_64/sdk_win_64/winavr/bin/../lib/gcc/avr/4.3.3/avr5\libgcc.a(_prologue.o)
 .data          0x008002a3        0x0 f:/programs/sdk/sdk_win_64/sdk_win_64/winavr/bin/../lib/gcc/avr/4.3.3/avr5\libgcc.a(_epilogue.o)
 .data          0x008002a3        0x0 f:/programs/sdk/sdk_win_64/sdk_win_64/winavr/bin/../lib/gcc/avr/4.3.3/avr5\libgcc.a(_clzsi2.o)
 .data          0x008002a3        0x0 f:/programs/sdk/sdk_win_64/sdk_win_64/winavr/bin/../lib/gcc/avr/4.3.3/avr5\libgcc.a(_pack_sf.o)
 .data          0x008002a3        0x0 f:/programs/sdk/sdk_win_64/sdk_win_64/winavr/bin/../lib/gcc/avr/4.3.3/avr5\libgcc.a(_unpack_sf.o)
 .data          0x008002a3        0x0 f:/programs/sdk/sdk_win_64/sdk_win_64/winavr/bin/../lib/gcc/avr/4.3.3/avr5\libgcc.a(_fpcmp_parts_sf.o)
 .data          0x008002a3      0x100 f:/programs/sdk/sdk_win_64/sdk_win_64/winavr/bin/../lib/gcc/avr/4.3.3/avr5\libgcc.a(_clz.o)
                0x008002a3                __clz_tab
 .data          0x008003a3        0x0 f:/programs/sdk/sdk_win_64/sdk_win_64/winavr/bin/../lib/gcc/avr/4.3.3/../../../../avr/lib/avr5\libc.a(strchr.o)
 .data          0x008003a3        0x0 f:/programs/sdk/sdk_win_64/sdk_win_64/winavr/bin/../lib/gcc/avr/4.3.3/../../../../avr/lib/avr5\libc.a(strlen.o)
 .data          0x008003a3        0x0 f:/programs/sdk/sdk_win_64/sdk_win_64/winavr/bin/../lib/gcc/avr/4.3.3/../../../../avr/lib/avr5\libc.a(strstr.o)
 .data          0x008003a3        0x0 f:/programs/sdk/sdk_win_64/sdk_win_64/winavr/bin/../lib/gcc/avr/4.3.3/../../../../avr/lib/avr5\libc.a(itoa.o)
 .data          0x008003a3        0x0 f:/programs/sdk/sdk_win_64/sdk_win_64/winavr/bin/../lib/gcc/avr/4.3.3/../../../../avr/lib/avr5\libc.a(sprintf.o)
 .data          0x008003a3        0x0 f:/programs/sdk/sdk_win_64/sdk_win_64/winavr/bin/../lib/gcc/avr/4.3.3/../../../../avr/lib/avr5\libc.a(vfprintf_std.o)
 .data          0x008003a3        0x0 f:/programs/sdk/sdk_win_64/sdk_win_64/winavr/bin/../lib/gcc/avr/4.3.3/../../../../avr/lib/avr5\libc.a(strnlen_P.o)
 .data          0x008003a3        0x0 f:/programs/sdk/sdk_win_64/sdk_win_64/winavr/bin/../lib/gcc/avr/4.3.3/../../../../avr/lib/avr5\libc.a(strnlen.o)
 .data          0x008003a3        0x0 f:/programs/sdk/sdk_win_64/sdk_win_64/winavr/bin/../lib/gcc/avr/4.3.3/../../../../avr/lib/avr5\libc.a(strrev.o)
 .data          0x008003a3        0x0 f:/programs/sdk/sdk_win_64/sdk_win_64/winavr/bin/../lib/gcc/avr/4.3.3/../../../../avr/lib/avr5\libc.a(fputc.o)
 .data          0x008003a3        0x0 f:/programs/sdk/sdk_win_64/sdk_win_64/winavr/bin/../lib/gcc/avr/4.3.3/../../../../avr/lib/avr5\libc.a(ultoa_invert.o)
 *(.data*)
 .data.PtrUDR   0x008003a3        0x2 ./src/MCAL/UART_AHMED/UART_prg.o
 .data.PtrUCSRA
                0x008003a5        0x2 ./src/MCAL/UART_AHMED/UART_prg.o
 .data.PtrUCSRB
                0x008003a7        0x2 ./src/MCAL/UART_AHMED/UART_prg.o
 .data.PtrUCSRC
                0x008003a9        0x2 ./src/MCAL/UART_AHMED/UART_prg.o
 .data.PtrUBRRH
                0x008003ab        0x2 ./src/MCAL/UART_AHMED/UART_prg.o
 .data.PtrUBRRL
                0x008003ad        0x2 ./src/MCAL/UART_AHMED/UART_prg.o
 .data.Time_Out2
                0x008003af        0x4 ./src/MCAL/UART_AHMED/UART_prg.o
 .data.Time_Out3
                0x008003b3        0x1 ./src/MCAL/UART_AHMED/UART_prg.o
                0x008003b3                Time_Out3
 .data.PtrADMUX
                0x008003b4        0x2 ./src/MCAL/ADC/ADC_prg.o
 .data.PtrADCSRA
                0x008003b6        0x2 ./src/MCAL/ADC/ADC_prg.o
 .data.PtrSFIOR
                0x008003b8        0x2 ./src/MCAL/ADC/ADC_prg.o
 .data.Time_Out2
                0x008003ba        0x4 ./src/HAL/WIFI_AHMED/wifi_prg.o
 .data.PtrUDR   0x008003be        0x2 ./src/HAL/WIFI_AHMED/wifi_prg.o
 .data.PtrUCSRA
                0x008003c0        0x2 ./src/HAL/WIFI_AHMED/wifi_prg.o
 .data.PtrUCSRB
                0x008003c2        0x2 ./src/HAL/WIFI_AHMED/wifi_prg.o
 .data.PtrUCSRC
                0x008003c4        0x2 ./src/HAL/WIFI_AHMED/wifi_prg.o
 .data.PtrUBRRH
                0x008003c6        0x2 ./src/HAL/WIFI_AHMED/wifi_prg.o
 .data.PtrUBRRL
                0x008003c8        0x2 ./src/HAL/WIFI_AHMED/wifi_prg.o
 .data.ADC1_config
                0x008003ca        0xe ./src/CONFIG/ADC_Lcfg.o
                0x008003ca                ADC1_config
 .data.EXTI_INT_ArrConfig
                0x008003d8        0x2 ./src/CONFIG/EXTI_INT_Lcfg.o
                0x008003d8                EXTI_INT_ArrConfig
 .data.Time_Out2
                0x008003da        0x4 ./src/CONFIG/UART_Lcfg.o
 .data.Time_Out2
                0x008003de        0x4 ./src/APP/WIFI_send_receive.o
 .data.Time_Out2
                0x008003e2        0x4 ./src/APP/adjust_system.o
 .data.Time_Out2
                0x008003e6        0x4 ./src/APP/data_acquisition.o
 .data.Time_Out2
                0x008003ea        0x4 ./src/APP/main.o
 .data.Time_Out2
                0x008003ee        0x4 ./src/APP/system_init.o
 .data.system_cfg
                0x008003f2        0x2 ./src/APP/system_init.o
                0x008003f2                system_cfg
 *(.rodata)
 *(.rodata*)
 .rodata.LCD_SMILE_FACE
                0x008003f4        0x8 ./src/CONFIG/LCD_Lcfg.o
                0x008003f4                LCD_SMILE_FACE
 .rodata.MOTOR_PORT_Config
                0x008003fc        0xc ./src/CONFIG/Motor_Lcfg.o
                0x008003fc                MOTOR_PORT_Config
 .rodata.PORT_Config_Arr
                0x00800408       0x50 ./src/CONFIG/Port_Lcfg.o
                0x00800408                PORT_Config_Arr
 .rodata.UART_CONFIG2
                0x00800458        0x4 ./src/CONFIG/UART_Lcfg.o
                0x00800458                UART_CONFIG2
 .rodata.UART_PORT_Config
                0x0080045c        0x8 ./src/CONFIG/UART_Lcfg.o
                0x0080045c                UART_PORT_Config
 *(.gnu.linkonce.d*)
                0x00800464                . = ALIGN (0x2)
                0x00800464                _edata = .
                0x00800464                PROVIDE (__data_end, .)

.bss            0x00800464      0x21b
                0x00800464                PROVIDE (__bss_start, .)
 *(.bss)
 .bss           0x00800464        0x0 f:/programs/sdk/sdk_win_64/sdk_win_64/winavr/bin/../lib/gcc/avr/4.3.3/../../../../avr/lib/avr5/crtm32.o
 .bss           0x00800464        0x0 ./src/MCAL/UART_AHMED/UART_prg.o
 .bss           0x00800464        0x0 ./src/MCAL/Timer1/TIMER_1_Program.o
 .bss           0x00800464        0x0 ./src/MCAL/TIME0_AHMED/TIMER0_prg.o
 .bss           0x00800464        0x0 ./src/MCAL/PORT_AHMED/Port_prg.o
 .bss           0x00800464        0x0 ./src/MCAL/Global_Interrupt_AHMED/GLOBAL_INT_prg.o
 .bss           0x00800464        0x0 ./src/MCAL/EXTI_AHMED/EXTI_INT_prg.o
 .bss           0x00800464        0x0 ./src/MCAL/DIO_AHMED/Dio_prg.o
 .bss           0x00800464        0x0 ./src/MCAL/ADC/ADC_prg.o
 .bss           0x00800464        0x0 ./src/HAL/WIFI_AHMED/wifi_prg.o
 .bss           0x00800464        0x0 ./src/HAL/LM35/LM35_prog.o
 .bss           0x00800464        0x0 ./src/HAL/LED/LED_Prog.o
 .bss           0x00800464        0x0 ./src/HAL/LDR/LDR_prog.o
 .bss           0x00800464        0x0 ./src/HAL/LCD_AHMED/LCD_prg.o
 .bss           0x00800464        0x0 ./src/HAL/DC_MOTOR_AHMED/Motor_prg.o
 .bss           0x00800464        0x0 ./src/CONFIG/ADC_Lcfg.o
 .bss           0x00800464        0x0 ./src/CONFIG/Dio_Lcfg.o
 .bss           0x00800464        0x0 ./src/CONFIG/EXTI_INT_Lcfg.o
 .bss           0x00800464        0x0 ./src/CONFIG/LCD_Lcfg.o
 .bss           0x00800464        0x0 ./src/CONFIG/LDR_Lcfg.o
 .bss           0x00800464        0x0 ./src/CONFIG/LED_Lcfg.o
 .bss           0x00800464        0x0 ./src/CONFIG/LM35_Lcfg.o
 .bss           0x00800464        0x0 ./src/CONFIG/Motor_Lcfg.o
 .bss           0x00800464        0x0 ./src/CONFIG/Port_Lcfg.o
 .bss           0x00800464        0x0 ./src/CONFIG/TIMER0_Lcfg.o
 .bss           0x00800464        0x0 ./src/CONFIG/UART_Lcfg.o
 .bss           0x00800464        0x0 ./src/APP/WIFI_send_receive.o
 .bss           0x00800464        0x0 ./src/APP/adjust_system.o
 .bss           0x00800464        0x0 ./src/APP/data_acquisition.o
 .bss           0x00800464        0x0 ./src/APP/main.o
 .bss           0x00800464        0x0 ./src/APP/system_init.o
 .bss           0x00800464        0x0 f:/programs/sdk/sdk_win_64/sdk_win_64/winavr/bin/../lib/gcc/avr/4.3.3/avr5\libgcc.a(_mulsi3.o)
 .bss           0x00800464        0x0 f:/programs/sdk/sdk_win_64/sdk_win_64/winavr/bin/../lib/gcc/avr/4.3.3/avr5\libgcc.a(_udivmodqi4.o)
 .bss           0x00800464        0x0 f:/programs/sdk/sdk_win_64/sdk_win_64/winavr/bin/../lib/gcc/avr/4.3.3/avr5\libgcc.a(_udivmodhi4.o)
 .bss           0x00800464        0x0 f:/programs/sdk/sdk_win_64/sdk_win_64/winavr/bin/../lib/gcc/avr/4.3.3/avr5\libgcc.a(_divmodhi4.o)
 .bss           0x00800464        0x0 f:/programs/sdk/sdk_win_64/sdk_win_64/winavr/bin/../lib/gcc/avr/4.3.3/avr5\libgcc.a(_udivmodsi4.o)
 .bss           0x00800464        0x0 f:/programs/sdk/sdk_win_64/sdk_win_64/winavr/bin/../lib/gcc/avr/4.3.3/avr5\libgcc.a(_divmodsi4.o)
 .bss           0x00800464        0x0 f:/programs/sdk/sdk_win_64/sdk_win_64/winavr/bin/../lib/gcc/avr/4.3.3/avr5\libgcc.a(_exit.o)
 .bss           0x00800464        0x0 f:/programs/sdk/sdk_win_64/sdk_win_64/winavr/bin/../lib/gcc/avr/4.3.3/avr5\libgcc.a(_copy_data.o)
 .bss           0x00800464        0x0 f:/programs/sdk/sdk_win_64/sdk_win_64/winavr/bin/../lib/gcc/avr/4.3.3/avr5\libgcc.a(_clear_bss.o)
 .bss           0x00800464        0x0 f:/programs/sdk/sdk_win_64/sdk_win_64/winavr/bin/../lib/gcc/avr/4.3.3/avr5\libgcc.a(_fixunssfsi.o)
 .bss           0x00800464        0x0 f:/programs/sdk/sdk_win_64/sdk_win_64/winavr/bin/../lib/gcc/avr/4.3.3/avr5\libgcc.a(_addsub_sf.o)
 .bss           0x00800464        0x0 f:/programs/sdk/sdk_win_64/sdk_win_64/winavr/bin/../lib/gcc/avr/4.3.3/avr5\libgcc.a(_mul_sf.o)
 .bss           0x00800464        0x0 f:/programs/sdk/sdk_win_64/sdk_win_64/winavr/bin/../lib/gcc/avr/4.3.3/avr5\libgcc.a(_div_sf.o)
 .bss           0x00800464        0x0 f:/programs/sdk/sdk_win_64/sdk_win_64/winavr/bin/../lib/gcc/avr/4.3.3/avr5\libgcc.a(_gt_sf.o)
 .bss           0x00800464        0x0 f:/programs/sdk/sdk_win_64/sdk_win_64/winavr/bin/../lib/gcc/avr/4.3.3/avr5\libgcc.a(_ge_sf.o)
 .bss           0x00800464        0x0 f:/programs/sdk/sdk_win_64/sdk_win_64/winavr/bin/../lib/gcc/avr/4.3.3/avr5\libgcc.a(_lt_sf.o)
 .bss           0x00800464        0x0 f:/programs/sdk/sdk_win_64/sdk_win_64/winavr/bin/../lib/gcc/avr/4.3.3/avr5\libgcc.a(_sf_to_si.o)
 .bss           0x00800464        0x0 f:/programs/sdk/sdk_win_64/sdk_win_64/winavr/bin/../lib/gcc/avr/4.3.3/avr5\libgcc.a(_thenan_sf.o)
 .bss           0x00800464        0x0 f:/programs/sdk/sdk_win_64/sdk_win_64/winavr/bin/../lib/gcc/avr/4.3.3/avr5\libgcc.a(_usi_to_sf.o)
 .bss           0x00800464        0x0 f:/programs/sdk/sdk_win_64/sdk_win_64/winavr/bin/../lib/gcc/avr/4.3.3/avr5\libgcc.a(_prologue.o)
 .bss           0x00800464        0x0 f:/programs/sdk/sdk_win_64/sdk_win_64/winavr/bin/../lib/gcc/avr/4.3.3/avr5\libgcc.a(_epilogue.o)
 .bss           0x00800464        0x0 f:/programs/sdk/sdk_win_64/sdk_win_64/winavr/bin/../lib/gcc/avr/4.3.3/avr5\libgcc.a(_clzsi2.o)
 .bss           0x00800464        0x0 f:/programs/sdk/sdk_win_64/sdk_win_64/winavr/bin/../lib/gcc/avr/4.3.3/avr5\libgcc.a(_pack_sf.o)
 .bss           0x00800464        0x0 f:/programs/sdk/sdk_win_64/sdk_win_64/winavr/bin/../lib/gcc/avr/4.3.3/avr5\libgcc.a(_unpack_sf.o)
 .bss           0x00800464        0x0 f:/programs/sdk/sdk_win_64/sdk_win_64/winavr/bin/../lib/gcc/avr/4.3.3/avr5\libgcc.a(_fpcmp_parts_sf.o)
 .bss           0x00800464        0x0 f:/programs/sdk/sdk_win_64/sdk_win_64/winavr/bin/../lib/gcc/avr/4.3.3/avr5\libgcc.a(_clz.o)
 .bss           0x00800464        0x0 f:/programs/sdk/sdk_win_64/sdk_win_64/winavr/bin/../lib/gcc/avr/4.3.3/../../../../avr/lib/avr5\libc.a(strchr.o)
 .bss           0x00800464        0x0 f:/programs/sdk/sdk_win_64/sdk_win_64/winavr/bin/../lib/gcc/avr/4.3.3/../../../../avr/lib/avr5\libc.a(strlen.o)
 .bss           0x00800464        0x0 f:/programs/sdk/sdk_win_64/sdk_win_64/winavr/bin/../lib/gcc/avr/4.3.3/../../../../avr/lib/avr5\libc.a(strstr.o)
 .bss           0x00800464        0x0 f:/programs/sdk/sdk_win_64/sdk_win_64/winavr/bin/../lib/gcc/avr/4.3.3/../../../../avr/lib/avr5\libc.a(itoa.o)
 .bss           0x00800464        0x0 f:/programs/sdk/sdk_win_64/sdk_win_64/winavr/bin/../lib/gcc/avr/4.3.3/../../../../avr/lib/avr5\libc.a(sprintf.o)
 .bss           0x00800464        0x0 f:/programs/sdk/sdk_win_64/sdk_win_64/winavr/bin/../lib/gcc/avr/4.3.3/../../../../avr/lib/avr5\libc.a(vfprintf_std.o)
 .bss           0x00800464        0x0 f:/programs/sdk/sdk_win_64/sdk_win_64/winavr/bin/../lib/gcc/avr/4.3.3/../../../../avr/lib/avr5\libc.a(strnlen_P.o)
 .bss           0x00800464        0x0 f:/programs/sdk/sdk_win_64/sdk_win_64/winavr/bin/../lib/gcc/avr/4.3.3/../../../../avr/lib/avr5\libc.a(strnlen.o)
 .bss           0x00800464        0x0 f:/programs/sdk/sdk_win_64/sdk_win_64/winavr/bin/../lib/gcc/avr/4.3.3/../../../../avr/lib/avr5\libc.a(strrev.o)
 .bss           0x00800464        0x0 f:/programs/sdk/sdk_win_64/sdk_win_64/winavr/bin/../lib/gcc/avr/4.3.3/../../../../avr/lib/avr5\libc.a(fputc.o)
 .bss           0x00800464        0x0 f:/programs/sdk/sdk_win_64/sdk_win_64/winavr/bin/../lib/gcc/avr/4.3.3/../../../../avr/lib/avr5\libc.a(ultoa_invert.o)
 *(.bss*)
 .bss.RX_Wr_Index_UART
                0x00800464        0x1 ./src/MCAL/UART_AHMED/UART_prg.o
 .bss.RX_Rd_Index_UART
                0x00800465        0x1 ./src/MCAL/UART_AHMED/UART_prg.o
 .bss.RX_Counter_UART
                0x00800466        0x1 ./src/MCAL/UART_AHMED/UART_prg.o
 .bss.UART_CallBack
                0x00800467        0x2 ./src/MCAL/UART_AHMED/UART_prg.o
 .bss.Rx_Buffer_UART
                0x00800469       0x3d ./src/MCAL/UART_AHMED/UART_prg.o
 .bss.RX_Buffer_Overflow_UART
                0x008004a6        0x1 ./src/MCAL/UART_AHMED/UART_prg.o
 .bss.ICU_CallBackFun
                0x008004a7        0x2 ./src/MCAL/Timer1/TIMER_1_Program.o
                0x008004a7                ICU_CallBackFun
 .bss.Timer0_CallBack_Arr
                0x008004a9        0x4 ./src/MCAL/TIME0_AHMED/TIMER0_prg.o
 .bss.COMP_Counter
                0x008004ad        0x4 ./src/MCAL/TIME0_AHMED/TIMER0_prg.o
 .bss.OverFlow_Counter.1662
                0x008004b1        0x4 ./src/MCAL/TIME0_AHMED/TIMER0_prg.o
 .bss.Delay_OverFlow_Count
                0x008004b5        0x4 ./src/MCAL/TIME0_AHMED/TIMER0_prg.o
 .bss.Delay_CmpMatch_Count
                0x008004b9        0x4 ./src/MCAL/TIME0_AHMED/TIMER0_prg.o
 .bss.CallBack_Arr
                0x008004bd        0x6 ./src/MCAL/EXTI_AHMED/EXTI_INT_prg.o
 .bss.ADCpfunAppFun
                0x008004c3        0x2 ./src/MCAL/ADC/ADC_prg.o
                0x008004c3                ADCpfunAppFun
 .bss.ADCpvidAppParameter
                0x008004c5        0x2 ./src/MCAL/ADC/ADC_prg.o
                0x008004c5                ADCpvidAppParameter
 .bss.RX_Wr_Index_UART
                0x008004c7        0x1 ./src/HAL/WIFI_AHMED/wifi_prg.o
 .bss.RX_Rd_Index_UART
                0x008004c8        0x1 ./src/HAL/WIFI_AHMED/wifi_prg.o
 .bss.RX_Counter_UART
                0x008004c9        0x1 ./src/HAL/WIFI_AHMED/wifi_prg.o
 .bss.Rx_Buffer_UART
                0x008004ca       0x3d ./src/HAL/WIFI_AHMED/wifi_prg.o
 .bss.RX_Buffer_Overflow_UART
                0x00800507        0x1 ./src/HAL/WIFI_AHMED/wifi_prg.o
 .bss.RX_Wr_Index_UART
                0x00800508        0x1 ./src/APP/WIFI_send_receive.o
 .bss.RX_Rd_Index_UART
                0x00800509        0x1 ./src/APP/WIFI_send_receive.o
 .bss.RX_Counter_UART
                0x0080050a        0x1 ./src/APP/WIFI_send_receive.o
 .bss.Rx_Buffer_UART
                0x0080050b       0x3d ./src/APP/WIFI_send_receive.o
 .bss.RX_Buffer_Overflow_UART
                0x00800548        0x1 ./src/APP/WIFI_send_receive.o
 .bss.RX_Wr_Index_UART
                0x00800549        0x1 ./src/APP/adjust_system.o
 .bss.RX_Rd_Index_UART
                0x0080054a        0x1 ./src/APP/adjust_system.o
 .bss.RX_Counter_UART
                0x0080054b        0x1 ./src/APP/adjust_system.o
 .bss.Rx_Buffer_UART
                0x0080054c       0x3d ./src/APP/adjust_system.o
 .bss.RX_Buffer_Overflow_UART
                0x00800589        0x1 ./src/APP/adjust_system.o
 .bss.RX_Wr_Index_UART
                0x0080058a        0x1 ./src/APP/data_acquisition.o
 .bss.RX_Rd_Index_UART
                0x0080058b        0x1 ./src/APP/data_acquisition.o
 .bss.RX_Counter_UART
                0x0080058c        0x1 ./src/APP/data_acquisition.o
 .bss.Rx_Buffer_UART
                0x0080058d       0x3d ./src/APP/data_acquisition.o
 .bss.RX_Buffer_Overflow_UART
                0x008005ca        0x1 ./src/APP/data_acquisition.o
 .bss.RX_Wr_Index_UART
                0x008005cb        0x1 ./src/APP/main.o
 .bss.RX_Rd_Index_UART
                0x008005cc        0x1 ./src/APP/main.o
 .bss.RX_Counter_UART
                0x008005cd        0x1 ./src/APP/main.o
 .bss.Rx_Buffer_UART
                0x008005ce       0x3d ./src/APP/main.o
 .bss.RX_Buffer_Overflow_UART
                0x0080060b        0x1 ./src/APP/main.o
 .bss.RX_Wr_Index_UART
                0x0080060c        0x1 ./src/APP/system_init.o
 .bss.RX_Rd_Index_UART
                0x0080060d        0x1 ./src/APP/system_init.o
 .bss.RX_Counter_UART
                0x0080060e        0x1 ./src/APP/system_init.o
 .bss.Rx_Buffer_UART
                0x0080060f       0x3d ./src/APP/system_init.o
 .bss.RX_Buffer_Overflow_UART
                0x0080064c        0x1 ./src/APP/system_init.o
 *(COMMON)
 COMMON         0x0080064d        0x0 ./src/MCAL/EXTI_AHMED/EXTI_INT_prg.o
 COMMON         0x0080064d       0x18 ./src/MCAL/ADC/ADC_prg.o
                0x0080064d                LCD_Config_Arr
 COMMON         0x00800665       0x1a ./src/APP/WIFI_send_receive.o
                0x00800665                LED_previous_State_Flag
                0x00800666                Login_Sucsess_Flag
                0x00800667                Motor_State_Flag
                0x00800668                previous_temp
                0x0080066c                Login_Flag
                0x0080066d                current_temp
                0x00800671                previous_intens
                0x00800675                Logout_Request_Flag
                0x00800676                Motor_State_Flag_Privious_Reading
                0x00800677                current_intens
                0x0080067b                Temp_Changed_Flag
                0x0080067c                Intens_Changed_Flag
                0x0080067d                LED_State_Flag
                0x0080067e                Temperature_Request_Flag
                0x0080067f                PROVIDE (__bss_end, .)
                0x000072dc                __data_load_start = LOADADDR (.data)
                0x000076e0                __data_load_end = (__data_load_start + SIZEOF (.data))

.noinit         0x0080067f        0x0
                0x0080067f                PROVIDE (__noinit_start, .)
 *(.noinit*)
                0x0080067f                PROVIDE (__noinit_end, .)
                0x0080067f                _end = .
                0x0080067f                PROVIDE (__heap_start, .)

.eeprom         0x00810000        0x0
 *(.eeprom*)
                0x00810000                __eeprom_end = .

.fuse
 *(.fuse)
 *(.lfuse)
 *(.hfuse)
 *(.efuse)

.lock
 *(.lock*)

.signature
 *(.signature*)

.stab           0x00000000     0x8c04
 *(.stab)
 .stab          0x00000000      0x990 ./src/MCAL/UART_AHMED/UART_prg.o
 .stab          0x00000990      0x5b8 ./src/MCAL/Timer1/TIMER_1_Program.o
                                0x630 (size before relaxing)
 .stab          0x00000f48      0x990 ./src/MCAL/TIME0_AHMED/TIMER0_prg.o
                                0xbdc (size before relaxing)
 .stab          0x000018d8      0x324 ./src/MCAL/PORT_AHMED/Port_prg.o
                                0x3b4 (size before relaxing)
 .stab          0x00001bfc      0x15c ./src/MCAL/Global_Interrupt_AHMED/GLOBAL_INT_prg.o
                                0x1d4 (size before relaxing)
 .stab          0x00001d58      0x540 ./src/MCAL/EXTI_AHMED/EXTI_INT_prg.o
                                0x708 (size before relaxing)
 .stab          0x00002298      0x510 ./src/MCAL/DIO_AHMED/Dio_prg.o
                                0x588 (size before relaxing)
 .stab          0x000027a8      0x978 ./src/MCAL/ADC/ADC_prg.o
                                0xc48 (size before relaxing)
 .stab          0x00003120     0x15fc ./src/HAL/WIFI_AHMED/wifi_prg.o
                               0x1980 (size before relaxing)
 .stab          0x0000471c      0x2a0 ./src/HAL/LM35/LM35_prog.o
                                0x354 (size before relaxing)
 .stab          0x000049bc      0x318 ./src/HAL/LED/LED_Prog.o
                                0x3fc (size before relaxing)
 .stab          0x00004cd4      0x1e0 ./src/HAL/LDR/LDR_prog.o
                                0x354 (size before relaxing)
 .stab          0x00004eb4      0xb28 ./src/HAL/LCD_AHMED/LCD_prg.o
                                0xe40 (size before relaxing)
 .stab          0x000059dc      0x300 ./src/HAL/DC_MOTOR_AHMED/Motor_prg.o
                                0x48c (size before relaxing)
 .stab          0x00005cdc      0x114 ./src/CONFIG/ADC_Lcfg.o
                                0x1d4 (size before relaxing)
 .stab          0x00005df0       0xd8 ./src/CONFIG/Dio_Lcfg.o
                                 0xe4 (size before relaxing)
 .stab          0x00005ec8      0x174 ./src/CONFIG/EXTI_INT_Lcfg.o
                                0x1ec (size before relaxing)
 .stab          0x0000603c      0x144 ./src/CONFIG/LCD_Lcfg.o
                                0x240 (size before relaxing)
 .stab          0x00006180       0xd8 ./src/CONFIG/LDR_Lcfg.o
                                 0xe4 (size before relaxing)
 .stab          0x00006258       0xd8 ./src/CONFIG/LED_Lcfg.o
                                 0xe4 (size before relaxing)
 .stab          0x00006330       0xd8 ./src/CONFIG/LM35_Lcfg.o
                                 0xe4 (size before relaxing)
 .stab          0x00006408      0x138 ./src/CONFIG/Motor_Lcfg.o
                                0x2ac (size before relaxing)
 .stab          0x00006540      0x120 ./src/CONFIG/Port_Lcfg.o
                                0x21c (size before relaxing)
 .stab          0x00006660      0x12c ./src/CONFIG/TIMER0_Lcfg.o
                                0x2f4 (size before relaxing)
 .stab          0x0000678c      0x15c ./src/CONFIG/UART_Lcfg.o
                                0x33c (size before relaxing)
 .stab          0x000068e8      0x5d0 ./src/APP/WIFI_send_receive.o
                                0xd20 (size before relaxing)
 .stab          0x00006eb8      0x5d0 ./src/APP/adjust_system.o
                                0xe10 (size before relaxing)
 .stab          0x00007488      0x5c4 ./src/APP/data_acquisition.o
                                0xe04 (size before relaxing)
 .stab          0x00007a4c      0x5ac ./src/APP/main.o
                                0xdec (size before relaxing)
 .stab          0x00007ff8      0xc0c ./src/APP/system_init.o
                               0x1440 (size before relaxing)

.stabstr        0x00000000     0x72aa
 *(.stabstr)
 .stabstr       0x00000000     0x72aa ./src/MCAL/UART_AHMED/UART_prg.o

.stab.excl
 *(.stab.excl)

.stab.exclstr
 *(.stab.exclstr)

.stab.index
 *(.stab.index)

.stab.indexstr
 *(.stab.indexstr)

.comment
 *(.comment)

.debug
 *(.debug)

.line
 *(.line)

.debug_srcinfo
 *(.debug_srcinfo)

.debug_sfnames
 *(.debug_sfnames)

.debug_aranges  0x00000000      0x1a0
 *(.debug_aranges)
 .debug_aranges
                0x00000000       0x20 f:/programs/sdk/sdk_win_64/sdk_win_64/winavr/bin/../lib/gcc/avr/4.3.3/avr5\libgcc.a(_fixunssfsi.o)
 .debug_aranges
                0x00000020       0x20 f:/programs/sdk/sdk_win_64/sdk_win_64/winavr/bin/../lib/gcc/avr/4.3.3/avr5\libgcc.a(_addsub_sf.o)
 .debug_aranges
                0x00000040       0x20 f:/programs/sdk/sdk_win_64/sdk_win_64/winavr/bin/../lib/gcc/avr/4.3.3/avr5\libgcc.a(_mul_sf.o)
 .debug_aranges
                0x00000060       0x20 f:/programs/sdk/sdk_win_64/sdk_win_64/winavr/bin/../lib/gcc/avr/4.3.3/avr5\libgcc.a(_div_sf.o)
 .debug_aranges
                0x00000080       0x20 f:/programs/sdk/sdk_win_64/sdk_win_64/winavr/bin/../lib/gcc/avr/4.3.3/avr5\libgcc.a(_gt_sf.o)
 .debug_aranges
                0x000000a0       0x20 f:/programs/sdk/sdk_win_64/sdk_win_64/winavr/bin/../lib/gcc/avr/4.3.3/avr5\libgcc.a(_ge_sf.o)
 .debug_aranges
                0x000000c0       0x20 f:/programs/sdk/sdk_win_64/sdk_win_64/winavr/bin/../lib/gcc/avr/4.3.3/avr5\libgcc.a(_lt_sf.o)
 .debug_aranges
                0x000000e0       0x20 f:/programs/sdk/sdk_win_64/sdk_win_64/winavr/bin/../lib/gcc/avr/4.3.3/avr5\libgcc.a(_sf_to_si.o)
 .debug_aranges
                0x00000100       0x20 f:/programs/sdk/sdk_win_64/sdk_win_64/winavr/bin/../lib/gcc/avr/4.3.3/avr5\libgcc.a(_usi_to_sf.o)
 .debug_aranges
                0x00000120       0x20 f:/programs/sdk/sdk_win_64/sdk_win_64/winavr/bin/../lib/gcc/avr/4.3.3/avr5\libgcc.a(_clzsi2.o)
 .debug_aranges
                0x00000140       0x20 f:/programs/sdk/sdk_win_64/sdk_win_64/winavr/bin/../lib/gcc/avr/4.3.3/avr5\libgcc.a(_pack_sf.o)
 .debug_aranges
                0x00000160       0x20 f:/programs/sdk/sdk_win_64/sdk_win_64/winavr/bin/../lib/gcc/avr/4.3.3/avr5\libgcc.a(_unpack_sf.o)
 .debug_aranges
                0x00000180       0x20 f:/programs/sdk/sdk_win_64/sdk_win_64/winavr/bin/../lib/gcc/avr/4.3.3/avr5\libgcc.a(_fpcmp_parts_sf.o)

.debug_pubnames
                0x00000000      0x1f2
 *(.debug_pubnames)
 .debug_pubnames
                0x00000000       0x23 f:/programs/sdk/sdk_win_64/sdk_win_64/winavr/bin/../lib/gcc/avr/4.3.3/avr5\libgcc.a(_fixunssfsi.o)
 .debug_pubnames
                0x00000023       0x2c f:/programs/sdk/sdk_win_64/sdk_win_64/winavr/bin/../lib/gcc/avr/4.3.3/avr5\libgcc.a(_addsub_sf.o)
 .debug_pubnames
                0x0000004f       0x1f f:/programs/sdk/sdk_win_64/sdk_win_64/winavr/bin/../lib/gcc/avr/4.3.3/avr5\libgcc.a(_mul_sf.o)
 .debug_pubnames
                0x0000006e       0x1f f:/programs/sdk/sdk_win_64/sdk_win_64/winavr/bin/../lib/gcc/avr/4.3.3/avr5\libgcc.a(_div_sf.o)
 .debug_pubnames
                0x0000008d       0x1e f:/programs/sdk/sdk_win_64/sdk_win_64/winavr/bin/../lib/gcc/avr/4.3.3/avr5\libgcc.a(_gt_sf.o)
 .debug_pubnames
                0x000000ab       0x1e f:/programs/sdk/sdk_win_64/sdk_win_64/winavr/bin/../lib/gcc/avr/4.3.3/avr5\libgcc.a(_ge_sf.o)
 .debug_pubnames
                0x000000c9       0x1e f:/programs/sdk/sdk_win_64/sdk_win_64/winavr/bin/../lib/gcc/avr/4.3.3/avr5\libgcc.a(_lt_sf.o)
 .debug_pubnames
                0x000000e7       0x20 f:/programs/sdk/sdk_win_64/sdk_win_64/winavr/bin/../lib/gcc/avr/4.3.3/avr5\libgcc.a(_sf_to_si.o)
 .debug_pubnames
                0x00000107       0x22 f:/programs/sdk/sdk_win_64/sdk_win_64/winavr/bin/../lib/gcc/avr/4.3.3/avr5\libgcc.a(_thenan_sf.o)
 .debug_pubnames
                0x00000129       0x24 f:/programs/sdk/sdk_win_64/sdk_win_64/winavr/bin/../lib/gcc/avr/4.3.3/avr5\libgcc.a(_usi_to_sf.o)
 .debug_pubnames
                0x0000014d       0x1f f:/programs/sdk/sdk_win_64/sdk_win_64/winavr/bin/../lib/gcc/avr/4.3.3/avr5\libgcc.a(_clzsi2.o)
 .debug_pubnames
                0x0000016c       0x1f f:/programs/sdk/sdk_win_64/sdk_win_64/winavr/bin/../lib/gcc/avr/4.3.3/avr5\libgcc.a(_pack_sf.o)
 .debug_pubnames
                0x0000018b       0x21 f:/programs/sdk/sdk_win_64/sdk_win_64/winavr/bin/../lib/gcc/avr/4.3.3/avr5\libgcc.a(_unpack_sf.o)
 .debug_pubnames
                0x000001ac       0x26 f:/programs/sdk/sdk_win_64/sdk_win_64/winavr/bin/../lib/gcc/avr/4.3.3/avr5\libgcc.a(_fpcmp_parts_sf.o)
 .debug_pubnames
                0x000001d2       0x20 f:/programs/sdk/sdk_win_64/sdk_win_64/winavr/bin/../lib/gcc/avr/4.3.3/avr5\libgcc.a(_clz.o)

.debug_info     0x00000000     0x240b
 *(.debug_info)
 .debug_info    0x00000000       0xb1 f:/programs/sdk/sdk_win_64/sdk_win_64/winavr/bin/../lib/gcc/avr/4.3.3/avr5\libgcc.a(_fixunssfsi.o)
 .debug_info    0x000000b1      0x47a f:/programs/sdk/sdk_win_64/sdk_win_64/winavr/bin/../lib/gcc/avr/4.3.3/avr5\libgcc.a(_addsub_sf.o)
 .debug_info    0x0000052b      0x485 f:/programs/sdk/sdk_win_64/sdk_win_64/winavr/bin/../lib/gcc/avr/4.3.3/avr5\libgcc.a(_mul_sf.o)
 .debug_info    0x000009b0      0x3fc f:/programs/sdk/sdk_win_64/sdk_win_64/winavr/bin/../lib/gcc/avr/4.3.3/avr5\libgcc.a(_div_sf.o)
 .debug_info    0x00000dac      0x27f f:/programs/sdk/sdk_win_64/sdk_win_64/winavr/bin/../lib/gcc/avr/4.3.3/avr5\libgcc.a(_gt_sf.o)
 .debug_info    0x0000102b      0x27f f:/programs/sdk/sdk_win_64/sdk_win_64/winavr/bin/../lib/gcc/avr/4.3.3/avr5\libgcc.a(_ge_sf.o)
 .debug_info    0x000012aa      0x27f f:/programs/sdk/sdk_win_64/sdk_win_64/winavr/bin/../lib/gcc/avr/4.3.3/avr5\libgcc.a(_lt_sf.o)
 .debug_info    0x00001529      0x2b0 f:/programs/sdk/sdk_win_64/sdk_win_64/winavr/bin/../lib/gcc/avr/4.3.3/avr5\libgcc.a(_sf_to_si.o)
 .debug_info    0x000017d9      0x12c f:/programs/sdk/sdk_win_64/sdk_win_64/winavr/bin/../lib/gcc/avr/4.3.3/avr5\libgcc.a(_thenan_sf.o)
 .debug_info    0x00001905      0x206 f:/programs/sdk/sdk_win_64/sdk_win_64/winavr/bin/../lib/gcc/avr/4.3.3/avr5\libgcc.a(_usi_to_sf.o)
 .debug_info    0x00001b0b      0x117 f:/programs/sdk/sdk_win_64/sdk_win_64/winavr/bin/../lib/gcc/avr/4.3.3/avr5\libgcc.a(_clzsi2.o)
 .debug_info    0x00001c22      0x2df f:/programs/sdk/sdk_win_64/sdk_win_64/winavr/bin/../lib/gcc/avr/4.3.3/avr5\libgcc.a(_pack_sf.o)
 .debug_info    0x00001f01      0x251 f:/programs/sdk/sdk_win_64/sdk_win_64/winavr/bin/../lib/gcc/avr/4.3.3/avr5\libgcc.a(_unpack_sf.o)
 .debug_info    0x00002152      0x210 f:/programs/sdk/sdk_win_64/sdk_win_64/winavr/bin/../lib/gcc/avr/4.3.3/avr5\libgcc.a(_fpcmp_parts_sf.o)
 .debug_info    0x00002362       0xa9 f:/programs/sdk/sdk_win_64/sdk_win_64/winavr/bin/../lib/gcc/avr/4.3.3/avr5\libgcc.a(_clz.o)
 *(.gnu.linkonce.wi.*)

.debug_abbrev   0x00000000     0x1386
 *(.debug_abbrev)
 .debug_abbrev  0x00000000       0x5d f:/programs/sdk/sdk_win_64/sdk_win_64/winavr/bin/../lib/gcc/avr/4.3.3/avr5\libgcc.a(_fixunssfsi.o)
 .debug_abbrev  0x0000005d      0x1ea f:/programs/sdk/sdk_win_64/sdk_win_64/winavr/bin/../lib/gcc/avr/4.3.3/avr5\libgcc.a(_addsub_sf.o)
 .debug_abbrev  0x00000247      0x21b f:/programs/sdk/sdk_win_64/sdk_win_64/winavr/bin/../lib/gcc/avr/4.3.3/avr5\libgcc.a(_mul_sf.o)
 .debug_abbrev  0x00000462      0x216 f:/programs/sdk/sdk_win_64/sdk_win_64/winavr/bin/../lib/gcc/avr/4.3.3/avr5\libgcc.a(_div_sf.o)
 .debug_abbrev  0x00000678      0x15a f:/programs/sdk/sdk_win_64/sdk_win_64/winavr/bin/../lib/gcc/avr/4.3.3/avr5\libgcc.a(_gt_sf.o)
 .debug_abbrev  0x000007d2      0x15a f:/programs/sdk/sdk_win_64/sdk_win_64/winavr/bin/../lib/gcc/avr/4.3.3/avr5\libgcc.a(_ge_sf.o)
 .debug_abbrev  0x0000092c      0x15a f:/programs/sdk/sdk_win_64/sdk_win_64/winavr/bin/../lib/gcc/avr/4.3.3/avr5\libgcc.a(_lt_sf.o)
 .debug_abbrev  0x00000a86      0x17f f:/programs/sdk/sdk_win_64/sdk_win_64/winavr/bin/../lib/gcc/avr/4.3.3/avr5\libgcc.a(_sf_to_si.o)
 .debug_abbrev  0x00000c05       0xad f:/programs/sdk/sdk_win_64/sdk_win_64/winavr/bin/../lib/gcc/avr/4.3.3/avr5\libgcc.a(_thenan_sf.o)
 .debug_abbrev  0x00000cb2      0x157 f:/programs/sdk/sdk_win_64/sdk_win_64/winavr/bin/../lib/gcc/avr/4.3.3/avr5\libgcc.a(_usi_to_sf.o)
 .debug_abbrev  0x00000e09       0xc4 f:/programs/sdk/sdk_win_64/sdk_win_64/winavr/bin/../lib/gcc/avr/4.3.3/avr5\libgcc.a(_clzsi2.o)
 .debug_abbrev  0x00000ecd      0x1c0 f:/programs/sdk/sdk_win_64/sdk_win_64/winavr/bin/../lib/gcc/avr/4.3.3/avr5\libgcc.a(_pack_sf.o)
 .debug_abbrev  0x0000108d      0x154 f:/programs/sdk/sdk_win_64/sdk_win_64/winavr/bin/../lib/gcc/avr/4.3.3/avr5\libgcc.a(_unpack_sf.o)
 .debug_abbrev  0x000011e1      0x13b f:/programs/sdk/sdk_win_64/sdk_win_64/winavr/bin/../lib/gcc/avr/4.3.3/avr5\libgcc.a(_fpcmp_parts_sf.o)
 .debug_abbrev  0x0000131c       0x6a f:/programs/sdk/sdk_win_64/sdk_win_64/winavr/bin/../lib/gcc/avr/4.3.3/avr5\libgcc.a(_clz.o)

.debug_line     0x00000000     0x11d6
 *(.debug_line)
 .debug_line    0x00000000       0xa7 f:/programs/sdk/sdk_win_64/sdk_win_64/winavr/bin/../lib/gcc/avr/4.3.3/avr5\libgcc.a(_fixunssfsi.o)
 .debug_line    0x000000a7      0x2af f:/programs/sdk/sdk_win_64/sdk_win_64/winavr/bin/../lib/gcc/avr/4.3.3/avr5\libgcc.a(_addsub_sf.o)
 .debug_line    0x00000356      0x239 f:/programs/sdk/sdk_win_64/sdk_win_64/winavr/bin/../lib/gcc/avr/4.3.3/avr5\libgcc.a(_mul_sf.o)
 .debug_line    0x0000058f      0x1d5 f:/programs/sdk/sdk_win_64/sdk_win_64/winavr/bin/../lib/gcc/avr/4.3.3/avr5\libgcc.a(_div_sf.o)
 .debug_line    0x00000764       0xd3 f:/programs/sdk/sdk_win_64/sdk_win_64/winavr/bin/../lib/gcc/avr/4.3.3/avr5\libgcc.a(_gt_sf.o)
 .debug_line    0x00000837       0xd3 f:/programs/sdk/sdk_win_64/sdk_win_64/winavr/bin/../lib/gcc/avr/4.3.3/avr5\libgcc.a(_ge_sf.o)
 .debug_line    0x0000090a       0xd3 f:/programs/sdk/sdk_win_64/sdk_win_64/winavr/bin/../lib/gcc/avr/4.3.3/avr5\libgcc.a(_lt_sf.o)
 .debug_line    0x000009dd      0x109 f:/programs/sdk/sdk_win_64/sdk_win_64/winavr/bin/../lib/gcc/avr/4.3.3/avr5\libgcc.a(_sf_to_si.o)
 .debug_line    0x00000ae6       0x90 f:/programs/sdk/sdk_win_64/sdk_win_64/winavr/bin/../lib/gcc/avr/4.3.3/avr5\libgcc.a(_thenan_sf.o)
 .debug_line    0x00000b76      0x133 f:/programs/sdk/sdk_win_64/sdk_win_64/winavr/bin/../lib/gcc/avr/4.3.3/avr5\libgcc.a(_usi_to_sf.o)
 .debug_line    0x00000ca9       0xa5 f:/programs/sdk/sdk_win_64/sdk_win_64/winavr/bin/../lib/gcc/avr/4.3.3/avr5\libgcc.a(_clzsi2.o)
 .debug_line    0x00000d4e      0x18a f:/programs/sdk/sdk_win_64/sdk_win_64/winavr/bin/../lib/gcc/avr/4.3.3/avr5\libgcc.a(_pack_sf.o)
 .debug_line    0x00000ed8      0x14b f:/programs/sdk/sdk_win_64/sdk_win_64/winavr/bin/../lib/gcc/avr/4.3.3/avr5\libgcc.a(_unpack_sf.o)
 .debug_line    0x00001023      0x137 f:/programs/sdk/sdk_win_64/sdk_win_64/winavr/bin/../lib/gcc/avr/4.3.3/avr5\libgcc.a(_fpcmp_parts_sf.o)
 .debug_line    0x0000115a       0x7c f:/programs/sdk/sdk_win_64/sdk_win_64/winavr/bin/../lib/gcc/avr/4.3.3/avr5\libgcc.a(_clz.o)

.debug_frame    0x00000000      0x1c0
 *(.debug_frame)
 .debug_frame   0x00000000       0x20 f:/programs/sdk/sdk_win_64/sdk_win_64/winavr/bin/../lib/gcc/avr/4.3.3/avr5\libgcc.a(_fixunssfsi.o)
 .debug_frame   0x00000020       0x40 f:/programs/sdk/sdk_win_64/sdk_win_64/winavr/bin/../lib/gcc/avr/4.3.3/avr5\libgcc.a(_addsub_sf.o)
 .debug_frame   0x00000060       0x20 f:/programs/sdk/sdk_win_64/sdk_win_64/winavr/bin/../lib/gcc/avr/4.3.3/avr5\libgcc.a(_mul_sf.o)
 .debug_frame   0x00000080       0x20 f:/programs/sdk/sdk_win_64/sdk_win_64/winavr/bin/../lib/gcc/avr/4.3.3/avr5\libgcc.a(_div_sf.o)
 .debug_frame   0x000000a0       0x20 f:/programs/sdk/sdk_win_64/sdk_win_64/winavr/bin/../lib/gcc/avr/4.3.3/avr5\libgcc.a(_gt_sf.o)
 .debug_frame   0x000000c0       0x20 f:/programs/sdk/sdk_win_64/sdk_win_64/winavr/bin/../lib/gcc/avr/4.3.3/avr5\libgcc.a(_ge_sf.o)
 .debug_frame   0x000000e0       0x20 f:/programs/sdk/sdk_win_64/sdk_win_64/winavr/bin/../lib/gcc/avr/4.3.3/avr5\libgcc.a(_lt_sf.o)
 .debug_frame   0x00000100       0x20 f:/programs/sdk/sdk_win_64/sdk_win_64/winavr/bin/../lib/gcc/avr/4.3.3/avr5\libgcc.a(_sf_to_si.o)
 .debug_frame   0x00000120       0x20 f:/programs/sdk/sdk_win_64/sdk_win_64/winavr/bin/../lib/gcc/avr/4.3.3/avr5\libgcc.a(_usi_to_sf.o)
 .debug_frame   0x00000140       0x20 f:/programs/sdk/sdk_win_64/sdk_win_64/winavr/bin/../lib/gcc/avr/4.3.3/avr5\libgcc.a(_clzsi2.o)
 .debug_frame   0x00000160       0x20 f:/programs/sdk/sdk_win_64/sdk_win_64/winavr/bin/../lib/gcc/avr/4.3.3/avr5\libgcc.a(_pack_sf.o)
 .debug_frame   0x00000180       0x20 f:/programs/sdk/sdk_win_64/sdk_win_64/winavr/bin/../lib/gcc/avr/4.3.3/avr5\libgcc.a(_unpack_sf.o)
 .debug_frame   0x000001a0       0x20 f:/programs/sdk/sdk_win_64/sdk_win_64/winavr/bin/../lib/gcc/avr/4.3.3/avr5\libgcc.a(_fpcmp_parts_sf.o)

.debug_str      0x00000000      0x2f6
 *(.debug_str)
 .debug_str     0x00000000       0xbf f:/programs/sdk/sdk_win_64/sdk_win_64/winavr/bin/../lib/gcc/avr/4.3.3/avr5\libgcc.a(_fixunssfsi.o)
                                 0xfe (size before relaxing)
 .debug_str     0x000000bf      0x14d f:/programs/sdk/sdk_win_64/sdk_win_64/winavr/bin/../lib/gcc/avr/4.3.3/avr5\libgcc.a(_addsub_sf.o)
                                0x206 (size before relaxing)
 .debug_str     0x0000020c       0x27 f:/programs/sdk/sdk_win_64/sdk_win_64/winavr/bin/../lib/gcc/avr/4.3.3/avr5\libgcc.a(_mul_sf.o)
                                0x1bf (size before relaxing)
 .debug_str     0x00000233       0x35 f:/programs/sdk/sdk_win_64/sdk_win_64/winavr/bin/../lib/gcc/avr/4.3.3/avr5\libgcc.a(_div_sf.o)
                                0x1c8 (size before relaxing)
 .debug_str     0x00000268        0x8 f:/programs/sdk/sdk_win_64/sdk_win_64/winavr/bin/../lib/gcc/avr/4.3.3/avr5\libgcc.a(_gt_sf.o)
                                0x195 (size before relaxing)
 .debug_str     0x00000270        0x8 f:/programs/sdk/sdk_win_64/sdk_win_64/winavr/bin/../lib/gcc/avr/4.3.3/avr5\libgcc.a(_ge_sf.o)
                                0x195 (size before relaxing)
 .debug_str     0x00000278        0x8 f:/programs/sdk/sdk_win_64/sdk_win_64/winavr/bin/../lib/gcc/avr/4.3.3/avr5\libgcc.a(_lt_sf.o)
                                0x195 (size before relaxing)
 .debug_str     0x00000280        0xa f:/programs/sdk/sdk_win_64/sdk_win_64/winavr/bin/../lib/gcc/avr/4.3.3/avr5\libgcc.a(_sf_to_si.o)
                                0x19e (size before relaxing)
 .debug_str     0x00000000      0x103 f:/programs/sdk/sdk_win_64/sdk_win_64/winavr/bin/../lib/gcc/avr/4.3.3/avr5\libgcc.a(_thenan_sf.o)
 .debug_str     0x0000028a       0x21 f:/programs/sdk/sdk_win_64/sdk_win_64/winavr/bin/../lib/gcc/avr/4.3.3/avr5\libgcc.a(_usi_to_sf.o)
                                0x177 (size before relaxing)
 .debug_str     0x000002ab       0x20 f:/programs/sdk/sdk_win_64/sdk_win_64/winavr/bin/../lib/gcc/avr/4.3.3/avr5\libgcc.a(_clzsi2.o)
                                0x111 (size before relaxing)
 .debug_str     0x000002cb       0x10 f:/programs/sdk/sdk_win_64/sdk_win_64/winavr/bin/../lib/gcc/avr/4.3.3/avr5\libgcc.a(_pack_sf.o)
                                0x19d (size before relaxing)
 .debug_str     0x000002db        0xb f:/programs/sdk/sdk_win_64/sdk_win_64/winavr/bin/../lib/gcc/avr/4.3.3/avr5\libgcc.a(_unpack_sf.o)
                                0x17f (size before relaxing)
 .debug_str     0x000002e6       0x10 f:/programs/sdk/sdk_win_64/sdk_win_64/winavr/bin/../lib/gcc/avr/4.3.3/avr5\libgcc.a(_fpcmp_parts_sf.o)
                                0x163 (size before relaxing)
 .debug_str     0x00000000       0xf4 f:/programs/sdk/sdk_win_64/sdk_win_64/winavr/bin/../lib/gcc/avr/4.3.3/avr5\libgcc.a(_clz.o)

.debug_loc      0x00000000      0x96e
 *(.debug_loc)
 .debug_loc     0x00000000       0x34 f:/programs/sdk/sdk_win_64/sdk_win_64/winavr/bin/../lib/gcc/avr/4.3.3/avr5\libgcc.a(_fixunssfsi.o)
 .debug_loc     0x00000034      0x32a f:/programs/sdk/sdk_win_64/sdk_win_64/winavr/bin/../lib/gcc/avr/4.3.3/avr5\libgcc.a(_addsub_sf.o)
 .debug_loc     0x0000035e      0x104 f:/programs/sdk/sdk_win_64/sdk_win_64/winavr/bin/../lib/gcc/avr/4.3.3/avr5\libgcc.a(_mul_sf.o)
 .debug_loc     0x00000462       0xc0 f:/programs/sdk/sdk_win_64/sdk_win_64/winavr/bin/../lib/gcc/avr/4.3.3/avr5\libgcc.a(_div_sf.o)
 .debug_loc     0x00000522       0x3c f:/programs/sdk/sdk_win_64/sdk_win_64/winavr/bin/../lib/gcc/avr/4.3.3/avr5\libgcc.a(_gt_sf.o)
 .debug_loc     0x0000055e       0x3c f:/programs/sdk/sdk_win_64/sdk_win_64/winavr/bin/../lib/gcc/avr/4.3.3/avr5\libgcc.a(_ge_sf.o)
 .debug_loc     0x0000059a       0x3c f:/programs/sdk/sdk_win_64/sdk_win_64/winavr/bin/../lib/gcc/avr/4.3.3/avr5\libgcc.a(_lt_sf.o)
 .debug_loc     0x000005d6       0x7e f:/programs/sdk/sdk_win_64/sdk_win_64/winavr/bin/../lib/gcc/avr/4.3.3/avr5\libgcc.a(_sf_to_si.o)
 .debug_loc     0x00000654       0x4c f:/programs/sdk/sdk_win_64/sdk_win_64/winavr/bin/../lib/gcc/avr/4.3.3/avr5\libgcc.a(_usi_to_sf.o)
 .debug_loc     0x000006a0       0x94 f:/programs/sdk/sdk_win_64/sdk_win_64/winavr/bin/../lib/gcc/avr/4.3.3/avr5\libgcc.a(_clzsi2.o)
 .debug_loc     0x00000734      0x13e f:/programs/sdk/sdk_win_64/sdk_win_64/winavr/bin/../lib/gcc/avr/4.3.3/avr5\libgcc.a(_pack_sf.o)
 .debug_loc     0x00000872       0xac f:/programs/sdk/sdk_win_64/sdk_win_64/winavr/bin/../lib/gcc/avr/4.3.3/avr5\libgcc.a(_unpack_sf.o)
 .debug_loc     0x0000091e       0x50 f:/programs/sdk/sdk_win_64/sdk_win_64/winavr/bin/../lib/gcc/avr/4.3.3/avr5\libgcc.a(_fpcmp_parts_sf.o)

.debug_macinfo
 *(.debug_macinfo)
OUTPUT(smartHome_proj.elf elf32-avr)
LOAD linker stubs

.debug_ranges   0x00000000       0x50
 .debug_ranges  0x00000000       0x50 f:/programs/sdk/sdk_win_64/sdk_win_64/winavr/bin/../lib/gcc/avr/4.3.3/avr5\libgcc.a(_mul_sf.o)
